<?xml version="1.0"?>
<link_info>
   <banner>TI ARM Linker PC v5.1.1</banner>
   <copyright>Copyright (c) 1996-2013 Texas Instruments Incorporated</copyright>
   <link_time>0x566b4bfe</link_time>
   <link_errors>0x0</link_errors>
   <output_file>a4.out</output_file>
   <entry_point>
      <name>_c_int00</name>
      <address>0x63bd</address>
   </entry_point>
   <input_file_list>
      <input_file id="fl-2">
         <path>.\</path>
         <kind>object</kind>
         <file>uart.obj</file>
         <name>uart.obj</name>
      </input_file>
      <input_file id="fl-3">
         <path>.\</path>
         <kind>object</kind>
         <file>train.obj</file>
         <name>train.obj</name>
      </input_file>
      <input_file id="fl-4">
         <path>.\</path>
         <kind>object</kind>
         <file>testcase.obj</file>
         <name>testcase.obj</name>
      </input_file>
      <input_file id="fl-5">
         <path>.\</path>
         <kind>object</kind>
         <file>systick.obj</file>
         <name>systick.obj</name>
      </input_file>
      <input_file id="fl-6">
         <path>.\</path>
         <kind>object</kind>
         <file>sysctl.obj</file>
         <name>sysctl.obj</name>
      </input_file>
      <input_file id="fl-7">
         <path>.\</path>
         <kind>object</kind>
         <file>switch.obj</file>
         <name>switch.obj</name>
      </input_file>
      <input_file id="fl-8">
         <path>.\</path>
         <kind>object</kind>
         <file>spi.obj</file>
         <name>spi.obj</name>
      </input_file>
      <input_file id="fl-9">
         <path>.\</path>
         <kind>object</kind>
         <file>semaphore.obj</file>
         <name>semaphore.obj</name>
      </input_file>
      <input_file id="fl-a">
         <path>.\</path>
         <kind>object</kind>
         <file>railsystem.obj</file>
         <name>railsystem.obj</name>
      </input_file>
      <input_file id="fl-b">
         <path>.\</path>
         <kind>object</kind>
         <file>process.obj</file>
         <name>process.obj</name>
      </input_file>
      <input_file id="fl-c">
         <path>.\</path>
         <kind>object</kind>
         <file>messageuart.obj</file>
         <name>messageuart.obj</name>
      </input_file>
      <input_file id="fl-d">
         <path>.\</path>
         <kind>object</kind>
         <file>messageatmel.obj</file>
         <name>messageatmel.obj</name>
      </input_file>
      <input_file id="fl-e">
         <path>.\</path>
         <kind>object</kind>
         <file>memory.obj</file>
         <name>memory.obj</name>
      </input_file>
      <input_file id="fl-f">
         <path>.\</path>
         <kind>object</kind>
         <file>main.obj</file>
         <name>main.obj</name>
      </input_file>
      <input_file id="fl-10">
         <path>.\</path>
         <kind>object</kind>
         <file>lm3s9d92_startup_ccs.obj</file>
         <name>lm3s9d92_startup_ccs.obj</name>
      </input_file>
      <input_file id="fl-11">
         <path>.\</path>
         <kind>object</kind>
         <file>gpiof.obj</file>
         <name>gpiof.obj</name>
      </input_file>
      <input_file id="fl-12">
         <path>.\</path>
         <kind>object</kind>
         <file>gpioe.obj</file>
         <name>gpioe.obj</name>
      </input_file>
      <input_file id="fl-13">
         <path>.\</path>
         <kind>object</kind>
         <file>cursor.obj</file>
         <name>cursor.obj</name>
      </input_file>
      <input_file id="fl-14">
         <path>.\</path>
         <kind>object</kind>
         <file>SVCCall.obj</file>
         <name>SVCCall.obj</name>
      </input_file>
      <input_file id="fl-15">
         <path>.\</path>
         <kind>object</kind>
         <file>Queue.obj</file>
         <name>Queue.obj</name>
      </input_file>
      <input_file id="fl-16">
         <path>.\</path>
         <kind>object</kind>
         <file>PriorityQueue.obj</file>
         <name>PriorityQueue.obj</name>
      </input_file>
      <input_file id="fl-17">
         <path>.\</path>
         <kind>object</kind>
         <file>PendSVHandler.obj</file>
         <name>PendSVHandler.obj</name>
      </input_file>
      <input_file id="fl-18">
         <path>.\</path>
         <kind>object</kind>
         <file>PcbQueue.obj</file>
         <name>PcbQueue.obj</name>
      </input_file>
      <input_file id="fl-19">
         <path>.\</path>
         <kind>object</kind>
         <file>Kernel.obj</file>
         <name>Kernel.obj</name>
      </input_file>
      <input_file id="fl-1a">
         <path>.\</path>
         <kind>object</kind>
         <file>HallSensor.obj</file>
         <name>HallSensor.obj</name>
      </input_file>
      <input_file id="fl-1b">
         <path>.\</path>
         <kind>object</kind>
         <file>ControlSoftware.obj</file>
         <name>ControlSoftware.obj</name>
      </input_file>
      <input_file id="fl-148">
         <path>C:\ti\ccsv5\tools\compiler\arm_5.1.1\lib\</path>
         <kind>archive</kind>
         <file>rtsv7M3_T_le_eabi.lib</file>
         <name>boot.obj</name>
      </input_file>
      <input_file id="fl-149">
         <path>C:\ti\ccsv5\tools\compiler\arm_5.1.1\lib\</path>
         <kind>archive</kind>
         <file>rtsv7M3_T_le_eabi.lib</file>
         <name>copy_decompress_none.obj</name>
      </input_file>
      <input_file id="fl-14a">
         <path>C:\ti\ccsv5\tools\compiler\arm_5.1.1\lib\</path>
         <kind>archive</kind>
         <file>rtsv7M3_T_le_eabi.lib</file>
         <name>copy_decompress_rle.obj</name>
      </input_file>
      <input_file id="fl-14b">
         <path>C:\ti\ccsv5\tools\compiler\arm_5.1.1\lib\</path>
         <kind>archive</kind>
         <file>rtsv7M3_T_le_eabi.lib</file>
         <name>copy_zero_init.obj</name>
      </input_file>
      <input_file id="fl-14c">
         <path>C:\ti\ccsv5\tools\compiler\arm_5.1.1\lib\</path>
         <kind>archive</kind>
         <file>rtsv7M3_T_le_eabi.lib</file>
         <name>exit.obj</name>
      </input_file>
      <input_file id="fl-14d">
         <path>C:\ti\ccsv5\tools\compiler\arm_5.1.1\lib\</path>
         <kind>archive</kind>
         <file>rtsv7M3_T_le_eabi.lib</file>
         <name>fgetc.obj</name>
      </input_file>
      <input_file id="fl-14e">
         <path>C:\ti\ccsv5\tools\compiler\arm_5.1.1\lib\</path>
         <kind>archive</kind>
         <file>rtsv7M3_T_le_eabi.lib</file>
         <name>lowlev.obj</name>
      </input_file>
      <input_file id="fl-14f">
         <path>C:\ti\ccsv5\tools\compiler\arm_5.1.1\lib\</path>
         <kind>archive</kind>
         <file>rtsv7M3_T_le_eabi.lib</file>
         <name>memcpy_t2.obj</name>
      </input_file>
      <input_file id="fl-150">
         <path>C:\ti\ccsv5\tools\compiler\arm_5.1.1\lib\</path>
         <kind>archive</kind>
         <file>rtsv7M3_T_le_eabi.lib</file>
         <name>printf.obj</name>
      </input_file>
      <input_file id="fl-151">
         <path>C:\ti\ccsv5\tools\compiler\arm_5.1.1\lib\</path>
         <kind>archive</kind>
         <file>rtsv7M3_T_le_eabi.lib</file>
         <name>stkdepth_vars.obj</name>
      </input_file>
      <input_file id="fl-152">
         <path>C:\ti\ccsv5\tools\compiler\arm_5.1.1\lib\</path>
         <kind>archive</kind>
         <file>rtsv7M3_T_le_eabi.lib</file>
         <name>strchr.obj</name>
      </input_file>
      <input_file id="fl-153">
         <path>C:\ti\ccsv5\tools\compiler\arm_5.1.1\lib\</path>
         <kind>archive</kind>
         <file>rtsv7M3_T_le_eabi.lib</file>
         <name>strcmp.obj</name>
      </input_file>
      <input_file id="fl-154">
         <path>C:\ti\ccsv5\tools\compiler\arm_5.1.1\lib\</path>
         <kind>archive</kind>
         <file>rtsv7M3_T_le_eabi.lib</file>
         <name>strncpy.obj</name>
      </input_file>
      <input_file id="fl-155">
         <path>C:\ti\ccsv5\tools\compiler\arm_5.1.1\lib\</path>
         <kind>archive</kind>
         <file>rtsv7M3_T_le_eabi.lib</file>
         <name>trgdrv.obj</name>
      </input_file>
      <input_file id="fl-156">
         <path>C:\ti\ccsv5\tools\compiler\arm_5.1.1\lib\</path>
         <kind>archive</kind>
         <file>rtsv7M3_T_le_eabi.lib</file>
         <name>trgmsg.obj</name>
      </input_file>
      <input_file id="fl-157">
         <path>C:\ti\ccsv5\tools\compiler\arm_5.1.1\lib\</path>
         <kind>archive</kind>
         <file>rtsv7M3_T_le_eabi.lib</file>
         <name>_bufread.obj</name>
      </input_file>
      <input_file id="fl-158">
         <path>C:\ti\ccsv5\tools\compiler\arm_5.1.1\lib\</path>
         <kind>archive</kind>
         <file>rtsv7M3_T_le_eabi.lib</file>
         <name>_io_perm.obj</name>
      </input_file>
      <input_file id="fl-159">
         <path>C:\ti\ccsv5\tools\compiler\arm_5.1.1\lib\</path>
         <kind>archive</kind>
         <file>rtsv7M3_T_le_eabi.lib</file>
         <name>_lock.obj</name>
      </input_file>
      <input_file id="fl-15a">
         <path>C:\ti\ccsv5\tools\compiler\arm_5.1.1\lib\</path>
         <kind>archive</kind>
         <file>rtsv7M3_T_le_eabi.lib</file>
         <name>_printfi.obj</name>
      </input_file>
      <input_file id="fl-15b">
         <path>C:\ti\ccsv5\tools\compiler\arm_5.1.1\lib\</path>
         <kind>archive</kind>
         <file>rtsv7M3_T_le_eabi.lib</file>
         <name>args_main.obj</name>
      </input_file>
      <input_file id="fl-15c">
         <path>C:\ti\ccsv5\tools\compiler\arm_5.1.1\lib\</path>
         <kind>archive</kind>
         <file>rtsv7M3_T_le_eabi.lib</file>
         <name>atoi.obj</name>
      </input_file>
      <input_file id="fl-15d">
         <path>C:\ti\ccsv5\tools\compiler\arm_5.1.1\lib\</path>
         <kind>archive</kind>
         <file>rtsv7M3_T_le_eabi.lib</file>
         <name>auto_init.obj</name>
      </input_file>
      <input_file id="fl-15e">
         <path>C:\ti\ccsv5\tools\compiler\arm_5.1.1\lib\</path>
         <kind>archive</kind>
         <file>rtsv7M3_T_le_eabi.lib</file>
         <name>cpy_tbl.obj</name>
      </input_file>
      <input_file id="fl-15f">
         <path>C:\ti\ccsv5\tools\compiler\arm_5.1.1\lib\</path>
         <kind>archive</kind>
         <file>rtsv7M3_T_le_eabi.lib</file>
         <name>ctype.obj</name>
      </input_file>
      <input_file id="fl-160">
         <path>C:\ti\ccsv5\tools\compiler\arm_5.1.1\lib\</path>
         <kind>archive</kind>
         <file>rtsv7M3_T_le_eabi.lib</file>
         <name>defs.obj</name>
      </input_file>
      <input_file id="fl-161">
         <path>C:\ti\ccsv5\tools\compiler\arm_5.1.1\lib\</path>
         <kind>archive</kind>
         <file>rtsv7M3_T_le_eabi.lib</file>
         <name>fd_add_t2.obj</name>
      </input_file>
      <input_file id="fl-162">
         <path>C:\ti\ccsv5\tools\compiler\arm_5.1.1\lib\</path>
         <kind>archive</kind>
         <file>rtsv7M3_T_le_eabi.lib</file>
         <name>fd_cmp_t2.obj</name>
      </input_file>
      <input_file id="fl-163">
         <path>C:\ti\ccsv5\tools\compiler\arm_5.1.1\lib\</path>
         <kind>archive</kind>
         <file>rtsv7M3_T_le_eabi.lib</file>
         <name>fd_div_t2.obj</name>
      </input_file>
      <input_file id="fl-164">
         <path>C:\ti\ccsv5\tools\compiler\arm_5.1.1\lib\</path>
         <kind>archive</kind>
         <file>rtsv7M3_T_le_eabi.lib</file>
         <name>fd_mul_t2.obj</name>
      </input_file>
      <input_file id="fl-165">
         <path>C:\ti\ccsv5\tools\compiler\arm_5.1.1\lib\</path>
         <kind>archive</kind>
         <file>rtsv7M3_T_le_eabi.lib</file>
         <name>fd_toi_t2.obj</name>
      </input_file>
      <input_file id="fl-166">
         <path>C:\ti\ccsv5\tools\compiler\arm_5.1.1\lib\</path>
         <kind>archive</kind>
         <file>rtsv7M3_T_le_eabi.lib</file>
         <name>fflush.obj</name>
      </input_file>
      <input_file id="fl-167">
         <path>C:\ti\ccsv5\tools\compiler\arm_5.1.1\lib\</path>
         <kind>archive</kind>
         <file>rtsv7M3_T_le_eabi.lib</file>
         <name>fputc.obj</name>
      </input_file>
      <input_file id="fl-168">
         <path>C:\ti\ccsv5\tools\compiler\arm_5.1.1\lib\</path>
         <kind>archive</kind>
         <file>rtsv7M3_T_le_eabi.lib</file>
         <name>fputs.obj</name>
      </input_file>
      <input_file id="fl-169">
         <path>C:\ti\ccsv5\tools\compiler\arm_5.1.1\lib\</path>
         <kind>archive</kind>
         <file>rtsv7M3_T_le_eabi.lib</file>
         <name>fseek.obj</name>
      </input_file>
      <input_file id="fl-16a">
         <path>C:\ti\ccsv5\tools\compiler\arm_5.1.1\lib\</path>
         <kind>archive</kind>
         <file>rtsv7M3_T_le_eabi.lib</file>
         <name>i_tofd_t2.obj</name>
      </input_file>
      <input_file id="fl-16b">
         <path>C:\ti\ccsv5\tools\compiler\arm_5.1.1\lib\</path>
         <kind>archive</kind>
         <file>rtsv7M3_T_le_eabi.lib</file>
         <name>ll_mul_t2.obj</name>
      </input_file>
      <input_file id="fl-16c">
         <path>C:\ti\ccsv5\tools\compiler\arm_5.1.1\lib\</path>
         <kind>archive</kind>
         <file>rtsv7M3_T_le_eabi.lib</file>
         <name>ltoa.obj</name>
      </input_file>
      <input_file id="fl-16d">
         <path>C:\ti\ccsv5\tools\compiler\arm_5.1.1\lib\</path>
         <kind>archive</kind>
         <file>rtsv7M3_T_le_eabi.lib</file>
         <name>memccpy.obj</name>
      </input_file>
      <input_file id="fl-16e">
         <path>C:\ti\ccsv5\tools\compiler\arm_5.1.1\lib\</path>
         <kind>archive</kind>
         <file>rtsv7M3_T_le_eabi.lib</file>
         <name>memchr.obj</name>
      </input_file>
      <input_file id="fl-16f">
         <path>C:\ti\ccsv5\tools\compiler\arm_5.1.1\lib\</path>
         <kind>archive</kind>
         <file>rtsv7M3_T_le_eabi.lib</file>
         <name>memset_t2.obj</name>
      </input_file>
      <input_file id="fl-170">
         <path>C:\ti\ccsv5\tools\compiler\arm_5.1.1\lib\</path>
         <kind>archive</kind>
         <file>rtsv7M3_T_le_eabi.lib</file>
         <name>setvbuf.obj</name>
      </input_file>
      <input_file id="fl-171">
         <path>C:\ti\ccsv5\tools\compiler\arm_5.1.1\lib\</path>
         <kind>archive</kind>
         <file>rtsv7M3_T_le_eabi.lib</file>
         <name>strcpy.obj</name>
      </input_file>
      <input_file id="fl-172">
         <path>C:\ti\ccsv5\tools\compiler\arm_5.1.1\lib\</path>
         <kind>archive</kind>
         <file>rtsv7M3_T_le_eabi.lib</file>
         <name>strlen.obj</name>
      </input_file>
      <input_file id="fl-173">
         <path>C:\ti\ccsv5\tools\compiler\arm_5.1.1\lib\</path>
         <kind>archive</kind>
         <file>rtsv7M3_T_le_eabi.lib</file>
         <name>ull_div_t2.obj</name>
      </input_file>
      <input_file id="fl-174">
         <path>C:\ti\ccsv5\tools\compiler\arm_5.1.1\lib\</path>
         <kind>archive</kind>
         <file>rtsv7M3_T_le_eabi.lib</file>
         <name>xdclass.obj</name>
      </input_file>
      <input_file id="fl-175">
         <path>C:\ti\ccsv5\tools\compiler\arm_5.1.1\lib\</path>
         <kind>archive</kind>
         <file>rtsv7M3_T_le_eabi.lib</file>
         <name>xdtest.obj</name>
      </input_file>
      <input_file id="fl-176">
         <path>C:\ti\ccsv5\tools\compiler\arm_5.1.1\lib\</path>
         <kind>archive</kind>
         <file>rtsv7M3_T_le_eabi.lib</file>
         <name>fopen.obj</name>
      </input_file>
      <input_file id="fl-177">
         <path>C:\ti\ccsv5\tools\compiler\arm_5.1.1\lib\</path>
         <kind>archive</kind>
         <file>rtsv7M3_T_le_eabi.lib</file>
         <name>memory.obj</name>
      </input_file>
      <input_file id="fl-178">
         <path>C:\ti\ccsv5\tools\compiler\arm_5.1.1\lib\</path>
         <kind>archive</kind>
         <file>rtsv7M3_T_le_eabi.lib</file>
         <name>fclose.obj</name>
      </input_file>
      <input_file id="fl-179">
         <path>C:\ti\ccsv5\tools\compiler\arm_5.1.1\lib\</path>
         <kind>archive</kind>
         <file>rtsv7M3_T_le_eabi.lib</file>
         <name>remove.obj</name>
      </input_file>
   </input_file_list>
   <object_component_list>
      <object_component id="oc-e">
         <name>.intvecs</name>
         <load_address>0x0</load_address>
         <run_address>0x0</run_address>
         <size>0x11c</size>
         <input_file_ref idref="fl-10"/>
      </object_component>
      <object_component id="oc-102">
         <name>.text</name>
         <load_address>0x11c</load_address>
         <run_address>0x11c</run_address>
         <size>0xe78</size>
         <input_file_ref idref="fl-15a"/>
      </object_component>
      <object_component id="oc-150">
         <name>.text</name>
         <load_address>0xf94</load_address>
         <run_address>0xf94</run_address>
         <size>0xbac</size>
         <input_file_ref idref="fl-3"/>
      </object_component>
      <object_component id="oc-158">
         <name>.text</name>
         <load_address>0x1b40</load_address>
         <run_address>0x1b40</run_address>
         <size>0x9b8</size>
         <input_file_ref idref="fl-1a"/>
      </object_component>
      <object_component id="oc-a6">
         <name>.text</name>
         <load_address>0x24f8</load_address>
         <run_address>0x24f8</run_address>
         <size>0x688</size>
         <input_file_ref idref="fl-e"/>
      </object_component>
      <object_component id="oc-2ff">
         <name>.text</name>
         <load_address>0x2b80</load_address>
         <run_address>0x2b80</run_address>
         <size>0x3cc</size>
         <input_file_ref idref="fl-177"/>
      </object_component>
      <object_component id="oc-98">
         <name>.text</name>
         <load_address>0x2f4c</load_address>
         <run_address>0x2f4c</run_address>
         <size>0x37c</size>
         <input_file_ref idref="fl-16"/>
      </object_component>
      <object_component id="oc-ae">
         <name>.text</name>
         <load_address>0x32c8</load_address>
         <run_address>0x32c8</run_address>
         <size>0x374</size>
         <input_file_ref idref="fl-1b"/>
      </object_component>
      <object_component id="oc-19c">
         <name>.text</name>
         <load_address>0x363c</load_address>
         <run_address>0x363c</run_address>
         <size>0x310</size>
         <input_file_ref idref="fl-14e"/>
      </object_component>
      <object_component id="oc-31c">
         <name>.text</name>
         <load_address>0x394c</load_address>
         <run_address>0x394c</run_address>
         <size>0x2d4</size>
         <input_file_ref idref="fl-155"/>
      </object_component>
      <object_component id="oc-84">
         <name>.text</name>
         <load_address>0x3c20</load_address>
         <run_address>0x3c20</run_address>
         <size>0x2d0</size>
         <input_file_ref idref="fl-18"/>
      </object_component>
      <object_component id="oc-b4">
         <name>.text</name>
         <load_address>0x3ef0</load_address>
         <run_address>0x3ef0</run_address>
         <size>0x258</size>
         <input_file_ref idref="fl-d"/>
      </object_component>
      <object_component id="oc-15d">
         <name>.text</name>
         <load_address>0x4148</load_address>
         <run_address>0x4148</run_address>
         <size>0x218</size>
         <input_file_ref idref="fl-c"/>
      </object_component>
      <object_component id="oc-230">
         <name>.text</name>
         <load_address>0x4360</load_address>
         <run_address>0x4360</run_address>
         <size>0x1f4</size>
         <input_file_ref idref="fl-a"/>
      </object_component>
      <object_component id="oc-1af">
         <name>.text</name>
         <load_address>0x4554</load_address>
         <run_address>0x4554</run_address>
         <size>0x1f4</size>
         <input_file_ref idref="fl-173"/>
      </object_component>
      <object_component id="oc-167">
         <name>.text</name>
         <load_address>0x4748</load_address>
         <run_address>0x4748</run_address>
         <size>0x1f4</size>
         <input_file_ref idref="fl-8"/>
      </object_component>
      <object_component id="oc-3a">
         <name>.text</name>
         <load_address>0x493c</load_address>
         <run_address>0x493c</run_address>
         <size>0x1f0</size>
         <input_file_ref idref="fl-2"/>
      </object_component>
      <object_component id="oc-304">
         <name>.text</name>
         <load_address>0x4b2c</load_address>
         <run_address>0x4b2c</run_address>
         <size>0x1c0</size>
         <input_file_ref idref="fl-176"/>
      </object_component>
      <object_component id="oc-1d4">
         <name>.text</name>
         <load_address>0x4cec</load_address>
         <run_address>0x4cec</run_address>
         <size>0x1b6</size>
         <input_file_ref idref="fl-161"/>
      </object_component>
      <object_component id="oc-89">
         <name>.text</name>
         <load_address>0x4ea4</load_address>
         <run_address>0x4ea4</run_address>
         <size>0x170</size>
         <input_file_ref idref="fl-15"/>
      </object_component>
      <object_component id="oc-1bf">
         <name>.text</name>
         <load_address>0x5014</load_address>
         <run_address>0x5014</run_address>
         <size>0x136</size>
         <input_file_ref idref="fl-163"/>
      </object_component>
      <object_component id="oc-fd">
         <name>.text</name>
         <load_address>0x514c</load_address>
         <run_address>0x514c</run_address>
         <size>0x134</size>
         <input_file_ref idref="fl-168"/>
      </object_component>
      <object_component id="oc-3f">
         <name>.text</name>
         <load_address>0x5280</load_address>
         <run_address>0x5280</run_address>
         <size>0x12c</size>
         <input_file_ref idref="fl-11"/>
      </object_component>
      <object_component id="oc-143">
         <name>.text</name>
         <load_address>0x53ac</load_address>
         <run_address>0x53ac</run_address>
         <size>0x118</size>
         <input_file_ref idref="fl-13"/>
      </object_component>
      <object_component id="oc-2b">
         <name>.text</name>
         <load_address>0x54c4</load_address>
         <run_address>0x54c4</run_address>
         <size>0x108</size>
         <input_file_ref idref="fl-14"/>
      </object_component>
      <object_component id="oc-1bb">
         <name>.text</name>
         <load_address>0x55cc</load_address>
         <run_address>0x55cc</run_address>
         <size>0xfc</size>
         <input_file_ref idref="fl-164"/>
      </object_component>
      <object_component id="oc-27a">
         <name>.text</name>
         <load_address>0x56c8</load_address>
         <run_address>0x56c8</run_address>
         <size>0xdc</size>
         <input_file_ref idref="fl-170"/>
      </object_component>
      <object_component id="oc-cb">
         <name>.text</name>
         <load_address>0x57a4</load_address>
         <run_address>0x57a4</run_address>
         <size>0xcc</size>
         <input_file_ref idref="fl-f"/>
      </object_component>
      <object_component id="oc-197">
         <name>.text</name>
         <load_address>0x5870</load_address>
         <run_address>0x5870</run_address>
         <size>0xc0</size>
         <input_file_ref idref="fl-166"/>
      </object_component>
      <object_component id="oc-192">
         <name>.text</name>
         <load_address>0x5930</load_address>
         <run_address>0x5930</run_address>
         <size>0xac</size>
         <input_file_ref idref="fl-158"/>
      </object_component>
      <object_component id="oc-269">
         <name>.text</name>
         <load_address>0x59dc</load_address>
         <run_address>0x59dc</run_address>
         <size>0x9c</size>
         <input_file_ref idref="fl-157"/>
      </object_component>
      <object_component id="oc-f8">
         <name>.text</name>
         <load_address>0x5a78</load_address>
         <run_address>0x5a78</run_address>
         <size>0x9c</size>
         <input_file_ref idref="fl-167"/>
      </object_component>
      <object_component id="oc-58">
         <name>.text</name>
         <load_address>0x5b14</load_address>
         <run_address>0x5b14</run_address>
         <size>0x9c</size>
         <input_file_ref idref="fl-14f"/>
      </object_component>
      <object_component id="oc-349">
         <name>.text</name>
         <load_address>0x5bb0</load_address>
         <run_address>0x5bb0</run_address>
         <size>0x98</size>
         <input_file_ref idref="fl-178"/>
      </object_component>
      <object_component id="oc-47">
         <name>.text</name>
         <load_address>0x5c48</load_address>
         <run_address>0x5c48</run_address>
         <size>0x94</size>
         <input_file_ref idref="fl-15d"/>
      </object_component>
      <object_component id="oc-178">
         <name>.text</name>
         <load_address>0x5cdc</load_address>
         <run_address>0x5cdc</run_address>
         <size>0x94</size>
         <input_file_ref idref="fl-14d"/>
      </object_component>
      <object_component id="oc-1b7">
         <name>.text:__aeabi_cdcmple</name>
         <load_address>0x5d70</load_address>
         <run_address>0x5d70</run_address>
         <size>0x7e</size>
         <input_file_ref idref="fl-162"/>
      </object_component>
      <object_component id="oc-1c3">
         <name>.text:__aeabi_cdrcmple</name>
         <load_address>0x5dee</load_address>
         <run_address>0x5dee</run_address>
         <size>0x7e</size>
         <input_file_ref idref="fl-162"/>
      </object_component>
      <object_component id="oc-1d8">
         <name>.text</name>
         <load_address>0x5e6c</load_address>
         <run_address>0x5e6c</run_address>
         <size>0x78</size>
         <input_file_ref idref="fl-16f"/>
      </object_component>
      <object_component id="oc-7f">
         <name>.text</name>
         <load_address>0x5ee4</load_address>
         <run_address>0x5ee4</run_address>
         <size>0x74</size>
         <input_file_ref idref="fl-b"/>
      </object_component>
      <object_component id="oc-79">
         <name>.text</name>
         <load_address>0x5f58</load_address>
         <run_address>0x5f58</run_address>
         <size>0x70</size>
         <input_file_ref idref="fl-150"/>
      </object_component>
      <object_component id="oc-130">
         <name>.text</name>
         <load_address>0x5fc8</load_address>
         <run_address>0x5fc8</run_address>
         <size>0x6c</size>
         <input_file_ref idref="fl-19"/>
      </object_component>
      <object_component id="oc-275">
         <name>.text</name>
         <load_address>0x6034</load_address>
         <run_address>0x6034</run_address>
         <size>0x64</size>
         <input_file_ref idref="fl-169"/>
      </object_component>
      <object_component id="oc-359">
         <name>.text</name>
         <load_address>0x6098</load_address>
         <run_address>0x6098</run_address>
         <size>0x60</size>
         <input_file_ref idref="fl-156"/>
      </object_component>
      <object_component id="oc-6a">
         <name>.text</name>
         <load_address>0x60f8</load_address>
         <run_address>0x60f8</run_address>
         <size>0x5e</size>
         <input_file_ref idref="fl-14a"/>
      </object_component>
      <object_component id="oc-30">
         <name>.text</name>
         <load_address>0x6158</load_address>
         <run_address>0x6158</run_address>
         <size>0x5c</size>
         <input_file_ref idref="fl-17"/>
      </object_component>
      <object_component id="oc-1cb">
         <name>.text</name>
         <load_address>0x61b4</load_address>
         <run_address>0x61b4</run_address>
         <size>0x5a</size>
         <input_file_ref idref="fl-16c"/>
      </object_component>
      <object_component id="oc-1e6">
         <name>.text</name>
         <load_address>0x6210</load_address>
         <run_address>0x6210</run_address>
         <size>0x4c</size>
         <input_file_ref idref="fl-15c"/>
      </object_component>
      <object_component id="oc-35">
         <name>.text</name>
         <load_address>0x625c</load_address>
         <run_address>0x625c</run_address>
         <size>0x4c</size>
         <input_file_ref idref="fl-5"/>
      </object_component>
      <object_component id="oc-1c7">
         <name>.text</name>
         <load_address>0x62a8</load_address>
         <run_address>0x62a8</run_address>
         <size>0x48</size>
         <input_file_ref idref="fl-165"/>
      </object_component>
      <object_component id="oc-c5">
         <name>.text</name>
         <load_address>0x62f0</load_address>
         <run_address>0x62f0</run_address>
         <size>0x44</size>
         <input_file_ref idref="fl-15e"/>
      </object_component>
      <object_component id="oc-50">
         <name>.text</name>
         <load_address>0x6334</load_address>
         <run_address>0x6334</run_address>
         <size>0x44</size>
         <input_file_ref idref="fl-14c"/>
      </object_component>
      <object_component id="oc-2b1">
         <name>.text</name>
         <load_address>0x6378</load_address>
         <run_address>0x6378</run_address>
         <size>0x44</size>
         <input_file_ref idref="fl-175"/>
      </object_component>
      <object_component id="oc-10">
         <name>.text</name>
         <load_address>0x63bc</load_address>
         <run_address>0x63bc</run_address>
         <size>0x34</size>
         <input_file_ref idref="fl-148"/>
      </object_component>
      <object_component id="oc-28f">
         <name>.text</name>
         <load_address>0x63f0</load_address>
         <run_address>0x63f0</run_address>
         <size>0x30</size>
         <input_file_ref idref="fl-154"/>
      </object_component>
      <object_component id="oc-1d0">
         <name>.text</name>
         <load_address>0x6420</load_address>
         <run_address>0x6420</run_address>
         <size>0x2e</size>
         <input_file_ref idref="fl-16a"/>
      </object_component>
      <object_component id="oc-162">
         <name>.text</name>
         <load_address>0x644e</load_address>
         <run_address>0x644e</run_address>
         <size>0x2e</size>
         <input_file_ref idref="fl-9"/>
      </object_component>
      <object_component id="oc-26">
         <name>.text</name>
         <load_address>0x647c</load_address>
         <run_address>0x647c</run_address>
         <size>0x1e</size>
         <input_file_ref idref="fl-10"/>
      </object_component>
      <object_component id="oc-1e1">
         <name>.text</name>
         <load_address>0x649a</load_address>
         <run_address>0x649a</run_address>
         <size>0x1a</size>
         <input_file_ref idref="fl-16d"/>
      </object_component>
      <object_component id="oc-4b">
         <name>.text</name>
         <load_address>0x64b4</load_address>
         <run_address>0x64b4</run_address>
         <size>0x18</size>
         <input_file_ref idref="fl-15b"/>
      </object_component>
      <object_component id="oc-1b3">
         <name>.text</name>
         <load_address>0x64cc</load_address>
         <run_address>0x64cc</run_address>
         <size>0x18</size>
         <input_file_ref idref="fl-16b"/>
      </object_component>
      <object_component id="oc-285">
         <name>.text</name>
         <load_address>0x64e4</load_address>
         <run_address>0x64e4</run_address>
         <size>0x18</size>
         <input_file_ref idref="fl-153"/>
      </object_component>
      <object_component id="oc-1a8">
         <name>.text</name>
         <load_address>0x64fc</load_address>
         <run_address>0x64fc</run_address>
         <size>0x16</size>
         <input_file_ref idref="fl-16e"/>
      </object_component>
      <object_component id="oc-28a">
         <name>.text</name>
         <load_address>0x6512</load_address>
         <run_address>0x6512</run_address>
         <size>0x16</size>
         <input_file_ref idref="fl-152"/>
      </object_component>
      <object_component id="oc-186">
         <name>.text</name>
         <load_address>0x6528</load_address>
         <run_address>0x6528</run_address>
         <size>0x14</size>
         <input_file_ref idref="fl-159"/>
      </object_component>
      <object_component id="oc-1a3">
         <name>.text</name>
         <load_address>0x653c</load_address>
         <run_address>0x653c</run_address>
         <size>0x14</size>
         <input_file_ref idref="fl-172"/>
      </object_component>
      <object_component id="oc-19">
         <name>.text:decompress:ZI</name>
         <load_address>0x6550</load_address>
         <run_address>0x6550</run_address>
         <size>0x12</size>
         <input_file_ref idref="fl-14b"/>
      </object_component>
      <object_component id="oc-35e">
         <name>.text</name>
         <load_address>0x6562</load_address>
         <run_address>0x6562</run_address>
         <size>0x12</size>
         <input_file_ref idref="fl-171"/>
      </object_component>
      <object_component id="oc-14">
         <name>.text:decompress:none</name>
         <load_address>0x6574</load_address>
         <run_address>0x6574</run_address>
         <size>0xe</size>
         <input_file_ref idref="fl-149"/>
      </object_component>
      <object_component id="oc-1dc">
         <name>.text</name>
         <load_address>0x6582</load_address>
         <run_address>0x6582</run_address>
         <size>0xe</size>
         <input_file_ref idref="fl-174"/>
      </object_component>
      <object_component id="oc-1e">
         <name>.text:decompress:rle24</name>
         <load_address>0x6590</load_address>
         <run_address>0x6590</run_address>
         <size>0x6</size>
         <input_file_ref idref="fl-14a"/>
      </object_component>
      <object_component id="oc-2b9">
         <name>.const:.string:_ctypes_</name>
         <load_address>0x6598</load_address>
         <run_address>0x6598</run_address>
         <size>0x102</size>
         <input_file_ref idref="fl-15f"/>
      </object_component>
      <object_component id="oc-bb">
         <name>.const</name>
         <load_address>0x669c</load_address>
         <run_address>0x669c</run_address>
         <size>0x28</size>
         <input_file_ref idref="fl-11"/>
      </object_component>
      <object_component id="oc-241">
         <name>.const</name>
         <load_address>0x66c4</load_address>
         <run_address>0x66c4</run_address>
         <size>0x20</size>
         <input_file_ref idref="fl-8"/>
      </object_component>
      <object_component id="oc-23f">
         <name>.const</name>
         <load_address>0x66e4</load_address>
         <run_address>0x66e4</run_address>
         <size>0x14</size>
         <input_file_ref idref="fl-12"/>
      </object_component>
      <object_component id="oc-b9">
         <name>.const</name>
         <load_address>0x66f8</load_address>
         <run_address>0x66f8</run_address>
         <size>0x8</size>
         <input_file_ref idref="fl-6"/>
      </object_component>
      <object_component id="oc-3a5">
         <name>.cinit..data.load</name>
         <load_address>0x6700</load_address>
         <run_address>0x6700</run_address>
         <size>0x1a4</size>
      </object_component>
      <object_component id="oc-3a3">
         <name>__TI_handler_table</name>
         <load_address>0x68a4</load_address>
         <run_address>0x68a4</run_address>
         <size>0xc</size>
      </object_component>
      <object_component id="oc-3a6">
         <name>.cinit..bss.load</name>
         <load_address>0x68b0</load_address>
         <run_address>0x68b0</run_address>
         <size>0x8</size>
      </object_component>
      <object_component id="oc-3a4">
         <name>__TI_cinit_table</name>
         <load_address>0x68b8</load_address>
         <run_address>0x68b8</run_address>
         <size>0x10</size>
      </object_component>
      <object_component id="oc-55">
         <name>.data</name>
         <load_address>0x20000ba4</load_address>
         <run_address>0x20000ba4</run_address>
         <size>0x4</size>
         <input_file_ref idref="fl-151"/>
      </object_component>
      <object_component id="oc-8e">
         <name>.data</name>
         <load_address>0x20000b9c</load_address>
         <run_address>0x20000b9c</run_address>
         <size>0x4</size>
         <input_file_ref idref="fl-14"/>
      </object_component>
      <object_component id="oc-d2">
         <name>.data</name>
         <load_address>0x20000b8c</load_address>
         <run_address>0x20000b8c</run_address>
         <size>0x8</size>
         <input_file_ref idref="fl-159"/>
      </object_component>
      <object_component id="oc-d4">
         <name>.data</name>
         <load_address>0x20000b94</load_address>
         <run_address>0x20000b94</run_address>
         <size>0x8</size>
         <input_file_ref idref="fl-14c"/>
      </object_component>
      <object_component id="oc-107">
         <name>.data:_ftable</name>
         <load_address>0x20000990</load_address>
         <run_address>0x20000990</run_address>
         <size>0xf0</size>
         <input_file_ref idref="fl-160"/>
      </object_component>
      <object_component id="oc-16c">
         <name>.data:railsystem</name>
         <load_address>0x200005f8</load_address>
         <run_address>0x200005f8</run_address>
         <size>0x154</size>
         <input_file_ref idref="fl-a"/>
      </object_component>
      <object_component id="oc-217">
         <name>.data</name>
         <load_address>0x20000b50</load_address>
         <run_address>0x20000b50</run_address>
         <size>0x14</size>
         <input_file_ref idref="fl-13"/>
      </object_component>
      <object_component id="oc-22c">
         <name>.data:map_gate</name>
         <load_address>0x2000074c</load_address>
         <run_address>0x2000074c</run_address>
         <size>0x121</size>
         <input_file_ref idref="fl-a"/>
      </object_component>
      <object_component id="oc-22e">
         <name>.data</name>
         <load_address>0x20000b80</load_address>
         <run_address>0x20000b80</run_address>
         <size>0xa</size>
         <input_file_ref idref="fl-7"/>
      </object_component>
      <object_component id="oc-235">
         <name>.data:select_direction</name>
         <load_address>0x2000086d</load_address>
         <run_address>0x2000086d</run_address>
         <size>0x121</size>
         <input_file_ref idref="fl-3"/>
      </object_component>
      <object_component id="oc-281">
         <name>.data</name>
         <load_address>0x20000b64</load_address>
         <run_address>0x20000b64</run_address>
         <size>0x10</size>
         <input_file_ref idref="fl-160"/>
      </object_component>
      <object_component id="oc-294">
         <name>.data</name>
         <load_address>0x20000a80</load_address>
         <run_address>0x20000a80</run_address>
         <size>0xd0</size>
         <input_file_ref idref="fl-14e"/>
      </object_component>
      <object_component id="oc-346">
         <name>.data</name>
         <load_address>0x20000b74</load_address>
         <run_address>0x20000b74</run_address>
         <size>0xc</size>
         <input_file_ref idref="fl-177"/>
      </object_component>
      <object_component id="oc-34e">
         <name>.data</name>
         <load_address>0x20000ba0</load_address>
         <run_address>0x20000ba0</run_address>
         <size>0x4</size>
         <input_file_ref idref="fl-176"/>
      </object_component>
      <object_component id="oc-136">
         <name>.bss:memory_management</name>
         <uninitialized>true</uninitialized>
         <run_address>0x20000000</run_address>
         <size>0x3e0</size>
         <input_file_ref idref="fl-e"/>
      </object_component>
      <object_component id="oc-371">
         <name>.bss:__TI_tmpnams</name>
         <uninitialized>true</uninitialized>
         <run_address>0x20000500</run_address>
         <size>0xa0</size>
         <input_file_ref idref="fl-160"/>
      </object_component>
      <object_component id="oc-377">
         <name>.bss:__CIOBUF_</name>
         <uninitialized>true</uninitialized>
         <run_address>0x200003e0</run_address>
         <size>0x120</size>
         <input_file_ref idref="fl-156"/>
      </object_component>
      <object_component id="oc-ad">
         <name>.common:Data_RX</name>
         <uninitialized>true</uninitialized>
         <run_address>0x200005f4</run_address>
         <size>0x1</size>
      </object_component>
      <object_component id="oc-ab">
         <name>.common:buffer_TX</name>
         <uninitialized>true</uninitialized>
         <run_address>0x200005c8</run_address>
         <size>0x4</size>
      </object_component>
      <object_component id="oc-13f">
         <name>.common:memory_control</name>
         <uninitialized>true</uninitialized>
         <run_address>0x200005a0</run_address>
         <size>0x14</size>
      </object_component>
      <object_component id="oc-118">
         <name>.common:array</name>
         <uninitialized>true</uninitialized>
         <run_address>0x200005c4</run_address>
         <size>0x4</size>
      </object_component>
      <object_component id="oc-115">
         <name>.common:head</name>
         <uninitialized>true</uninitialized>
         <run_address>0x200005d0</run_address>
         <size>0x4</size>
      </object_component>
      <object_component id="oc-117">
         <name>.common:tail</name>
         <uninitialized>true</uninitialized>
         <run_address>0x200005f0</run_address>
         <size>0x4</size>
      </object_component>
      <object_component id="oc-12f">
         <name>.common:ManagementOfQueues</name>
         <uninitialized>true</uninitialized>
         <run_address>0x200005bc</run_address>
         <size>0x4</size>
      </object_component>
      <object_component id="oc-12d">
         <name>.common:pID</name>
         <uninitialized>true</uninitialized>
         <run_address>0x200005e4</run_address>
         <size>0x4</size>
      </object_component>
      <object_component id="oc-12e">
         <name>.common:running</name>
         <uninitialized>true</uninitialized>
         <run_address>0x200005e8</run_address>
         <size>0x4</size>
      </object_component>
      <object_component id="oc-9e">
         <name>.common:status$1</name>
         <uninitialized>true</uninitialized>
         <run_address>0x200005ec</run_address>
         <size>0x4</size>
      </object_component>
      <object_component id="oc-155">
         <name>.common:TX</name>
         <uninitialized>true</uninitialized>
         <run_address>0x200005c0</run_address>
         <size>0x4</size>
      </object_component>
      <object_component id="oc-156">
         <name>.common:length</name>
         <uninitialized>true</uninitialized>
         <run_address>0x200005d4</run_address>
         <size>0x4</size>
      </object_component>
      <object_component id="oc-148">
         <name>.common:current_state</name>
         <uninitialized>true</uninitialized>
         <run_address>0x200005f5</run_address>
         <size>0x1</size>
      </object_component>
      <object_component id="oc-14a">
         <name>.common:number1</name>
         <uninitialized>true</uninitialized>
         <run_address>0x200005d8</run_address>
         <size>0x4</size>
      </object_component>
      <object_component id="oc-14b">
         <name>.common:number2</name>
         <uninitialized>true</uninitialized>
         <run_address>0x200005dc</run_address>
         <size>0x4</size>
      </object_component>
      <object_component id="oc-14c">
         <name>.common:number3</name>
         <uninitialized>true</uninitialized>
         <run_address>0x200005e0</run_address>
         <size>0x4</size>
      </object_component>
      <object_component id="oc-14e">
         <name>.common:char_input</name>
         <uninitialized>true</uninitialized>
         <run_address>0x200005cc</run_address>
         <size>0x4</size>
      </object_component>
      <object_component id="oc-363">
         <name>.common:parmbuf</name>
         <uninitialized>true</uninitialized>
         <run_address>0x200005b4</run_address>
         <size>0x8</size>
      </object_component>
      <object_component id="oc-24">
         <name>.sysmem</name>
         <uninitialized>true</uninitialized>
         <run_address>0x20000fa8</run_address>
         <size>0x8</size>
         <input_file_ref idref="fl-177"/>
      </object_component>
      <object_component id="oc-3a8">
         <name>.sysmem</name>
         <uninitialized>true</uninitialized>
         <run_address>0x20000fa8</run_address>
         <size>0x0</size>
      </object_component>
      <object_component id="oc-23">
         <name>.stack</name>
         <uninitialized>true</uninitialized>
         <run_address>0x20000ba8</run_address>
         <size>0x0</size>
         <input_file_ref idref="fl-148"/>
      </object_component>
      <object_component id="oc-3a7">
         <name>.stack</name>
         <uninitialized>true</uninitialized>
         <run_address>0x20000ba8</run_address>
         <size>0x0</size>
      </object_component>
      <object_component id="oc-f">
         <name>.debug_info</name>
         <load_address>0x0</load_address>
         <run_address>0x0</run_address>
         <size>0xc4</size>
         <input_file_ref idref="fl-10"/>
      </object_component>
      <object_component id="oc-11">
         <name>.debug_info</name>
         <load_address>0xc4</load_address>
         <run_address>0xc4</run_address>
         <size>0xf3</size>
         <input_file_ref idref="fl-148"/>
      </object_component>
      <object_component id="oc-15">
         <name>.debug_info</name>
         <load_address>0x1b7</load_address>
         <run_address>0x1b7</run_address>
         <size>0x194</size>
         <input_file_ref idref="fl-149"/>
      </object_component>
      <object_component id="oc-1b">
         <name>.debug_info</name>
         <load_address>0x34b</load_address>
         <run_address>0x34b</run_address>
         <size>0x16a</size>
         <input_file_ref idref="fl-14b"/>
      </object_component>
      <object_component id="oc-21">
         <name>.debug_info</name>
         <load_address>0x4b5</load_address>
         <run_address>0x4b5</run_address>
         <size>0x18e</size>
         <input_file_ref idref="fl-14a"/>
      </object_component>
      <object_component id="oc-25">
         <name>.debug_info</name>
         <load_address>0x643</load_address>
         <run_address>0x643</run_address>
         <size>0xb6</size>
         <input_file_ref idref="fl-177"/>
      </object_component>
      <object_component id="oc-28">
         <name>.debug_info</name>
         <load_address>0x6f9</load_address>
         <run_address>0x6f9</run_address>
         <size>0x229</size>
         <input_file_ref idref="fl-10"/>
      </object_component>
      <object_component id="oc-2c">
         <name>.debug_info</name>
         <load_address>0x922</load_address>
         <run_address>0x922</run_address>
         <size>0x1fd</size>
         <input_file_ref idref="fl-14"/>
      </object_component>
      <object_component id="oc-31">
         <name>.debug_info</name>
         <load_address>0xb1f</load_address>
         <run_address>0xb1f</run_address>
         <size>0x1f3</size>
         <input_file_ref idref="fl-17"/>
      </object_component>
      <object_component id="oc-36">
         <name>.debug_info</name>
         <load_address>0xd12</load_address>
         <run_address>0xd12</run_address>
         <size>0x173</size>
         <input_file_ref idref="fl-5"/>
      </object_component>
      <object_component id="oc-3b">
         <name>.debug_info</name>
         <load_address>0xe85</load_address>
         <run_address>0xe85</run_address>
         <size>0x4a8</size>
         <input_file_ref idref="fl-2"/>
      </object_component>
      <object_component id="oc-40">
         <name>.debug_info</name>
         <load_address>0x132d</load_address>
         <run_address>0x132d</run_address>
         <size>0x17a</size>
         <input_file_ref idref="fl-11"/>
      </object_component>
      <object_component id="oc-46">
         <name>.debug_info</name>
         <load_address>0x14a7</load_address>
         <run_address>0x14a7</run_address>
         <size>0x1c5</size>
         <input_file_ref idref="fl-10"/>
      </object_component>
      <object_component id="oc-48">
         <name>.debug_info</name>
         <load_address>0x166c</load_address>
         <run_address>0x166c</run_address>
         <size>0x13d</size>
         <input_file_ref idref="fl-15d"/>
      </object_component>
      <object_component id="oc-4e">
         <name>.debug_info</name>
         <load_address>0x17a9</load_address>
         <run_address>0x17a9</run_address>
         <size>0x11c</size>
         <input_file_ref idref="fl-15b"/>
      </object_component>
      <object_component id="oc-53">
         <name>.debug_info</name>
         <load_address>0x18c5</load_address>
         <run_address>0x18c5</run_address>
         <size>0x1c2</size>
         <input_file_ref idref="fl-14c"/>
      </object_component>
      <object_component id="oc-56">
         <name>.debug_info</name>
         <load_address>0x1a87</load_address>
         <run_address>0x1a87</run_address>
         <size>0xbe</size>
         <input_file_ref idref="fl-151"/>
      </object_component>
      <object_component id="oc-59">
         <name>.debug_info</name>
         <load_address>0x1b45</load_address>
         <run_address>0x1b45</run_address>
         <size>0xcc</size>
         <input_file_ref idref="fl-14f"/>
      </object_component>
      <object_component id="oc-5d">
         <name>.debug_info</name>
         <load_address>0x1c11</load_address>
         <run_address>0x1c11</run_address>
         <size>0x46</size>
         <input_file_ref idref="fl-149"/>
      </object_component>
      <object_component id="oc-62">
         <name>.debug_info</name>
         <load_address>0x1c57</load_address>
         <run_address>0x1c57</run_address>
         <size>0xf2</size>
         <input_file_ref idref="fl-149"/>
      </object_component>
      <object_component id="oc-64">
         <name>.debug_info</name>
         <load_address>0x1d49</load_address>
         <run_address>0x1d49</run_address>
         <size>0x46</size>
         <input_file_ref idref="fl-14b"/>
      </object_component>
      <object_component id="oc-69">
         <name>.debug_info</name>
         <load_address>0x1d8f</load_address>
         <run_address>0x1d8f</run_address>
         <size>0xad</size>
         <input_file_ref idref="fl-14b"/>
      </object_component>
      <object_component id="oc-6b">
         <name>.debug_info</name>
         <load_address>0x1e3c</load_address>
         <run_address>0x1e3c</run_address>
         <size>0x1ef</size>
         <input_file_ref idref="fl-14a"/>
      </object_component>
      <object_component id="oc-70">
         <name>.debug_info</name>
         <load_address>0x202b</load_address>
         <run_address>0x202b</run_address>
         <size>0xb7</size>
         <input_file_ref idref="fl-14a"/>
      </object_component>
      <object_component id="oc-71">
         <name>.debug_info</name>
         <load_address>0x20e2</load_address>
         <run_address>0x20e2</run_address>
         <size>0x39</size>
         <input_file_ref idref="fl-14a"/>
      </object_component>
      <object_component id="oc-78">
         <name>.debug_info</name>
         <load_address>0x211b</load_address>
         <run_address>0x211b</run_address>
         <size>0x1d7</size>
         <input_file_ref idref="fl-177"/>
      </object_component>
      <object_component id="oc-7a">
         <name>.debug_info</name>
         <load_address>0x22f2</load_address>
         <run_address>0x22f2</run_address>
         <size>0x26d</size>
         <input_file_ref idref="fl-150"/>
      </object_component>
      <object_component id="oc-82">
         <name>.debug_info</name>
         <load_address>0x255f</load_address>
         <run_address>0x255f</run_address>
         <size>0x438</size>
         <input_file_ref idref="fl-b"/>
      </object_component>
      <object_component id="oc-86">
         <name>.debug_info</name>
         <load_address>0x2997</load_address>
         <run_address>0x2997</run_address>
         <size>0x464</size>
         <input_file_ref idref="fl-18"/>
      </object_component>
      <object_component id="oc-8a">
         <name>.debug_info</name>
         <load_address>0x2dfb</load_address>
         <run_address>0x2dfb</run_address>
         <size>0x2f9</size>
         <input_file_ref idref="fl-15"/>
      </object_component>
      <object_component id="oc-90">
         <name>.debug_info</name>
         <load_address>0x30f4</load_address>
         <run_address>0x30f4</run_address>
         <size>0x223</size>
         <input_file_ref idref="fl-16"/>
      </object_component>
      <object_component id="oc-92">
         <name>.debug_info</name>
         <load_address>0x3317</load_address>
         <run_address>0x3317</run_address>
         <size>0x84</size>
         <input_file_ref idref="fl-2"/>
      </object_component>
      <object_component id="oc-97">
         <name>.debug_info</name>
         <load_address>0x339b</load_address>
         <run_address>0x339b</run_address>
         <size>0x1d0</size>
         <input_file_ref idref="fl-14"/>
      </object_component>
      <object_component id="oc-99">
         <name>.debug_info</name>
         <load_address>0x356b</load_address>
         <run_address>0x356b</run_address>
         <size>0x463</size>
         <input_file_ref idref="fl-16"/>
      </object_component>
      <object_component id="oc-a0">
         <name>.debug_info</name>
         <load_address>0x39ce</load_address>
         <run_address>0x39ce</run_address>
         <size>0x2c</size>
         <input_file_ref idref="fl-2"/>
      </object_component>
      <object_component id="oc-a8">
         <name>.debug_info</name>
         <load_address>0x39fa</load_address>
         <run_address>0x39fa</run_address>
         <size>0x4c4</size>
         <input_file_ref idref="fl-e"/>
      </object_component>
      <object_component id="oc-ac">
         <name>.debug_info</name>
         <load_address>0x3ebe</load_address>
         <run_address>0x3ebe</run_address>
         <size>0x1b9</size>
         <input_file_ref idref="fl-2"/>
      </object_component>
      <object_component id="oc-af">
         <name>.debug_info</name>
         <load_address>0x4077</load_address>
         <run_address>0x4077</run_address>
         <size>0x494</size>
         <input_file_ref idref="fl-1b"/>
      </object_component>
      <object_component id="oc-b6">
         <name>.debug_info</name>
         <load_address>0x450b</load_address>
         <run_address>0x450b</run_address>
         <size>0xaa0</size>
         <input_file_ref idref="fl-d"/>
      </object_component>
      <object_component id="oc-ba">
         <name>.debug_info</name>
         <load_address>0x4fab</load_address>
         <run_address>0x4fab</run_address>
         <size>0xe6</size>
         <input_file_ref idref="fl-6"/>
      </object_component>
      <object_component id="oc-bc">
         <name>.debug_info</name>
         <load_address>0x5091</load_address>
         <run_address>0x5091</run_address>
         <size>0x262</size>
         <input_file_ref idref="fl-11"/>
      </object_component>
      <object_component id="oc-c0">
         <name>.debug_info</name>
         <load_address>0x52f3</load_address>
         <run_address>0x52f3</run_address>
         <size>0x18b</size>
         <input_file_ref idref="fl-10"/>
      </object_component>
      <object_component id="oc-c6">
         <name>.debug_info</name>
         <load_address>0x547e</load_address>
         <run_address>0x547e</run_address>
         <size>0x14b</size>
         <input_file_ref idref="fl-15e"/>
      </object_component>
      <object_component id="oc-cc">
         <name>.debug_info</name>
         <load_address>0x55c9</load_address>
         <run_address>0x55c9</run_address>
         <size>0x2e1</size>
         <input_file_ref idref="fl-f"/>
      </object_component>
      <object_component id="oc-d1">
         <name>.debug_info</name>
         <load_address>0x58aa</load_address>
         <run_address>0x58aa</run_address>
         <size>0x11b</size>
         <input_file_ref idref="fl-15b"/>
      </object_component>
      <object_component id="oc-d3">
         <name>.debug_info</name>
         <load_address>0x59c5</load_address>
         <run_address>0x59c5</run_address>
         <size>0xc8</size>
         <input_file_ref idref="fl-159"/>
      </object_component>
      <object_component id="oc-d5">
         <name>.debug_info</name>
         <load_address>0x5a8d</load_address>
         <run_address>0x5a8d</run_address>
         <size>0xeb</size>
         <input_file_ref idref="fl-14c"/>
      </object_component>
      <object_component id="oc-d7">
         <name>.debug_info</name>
         <load_address>0x5b78</load_address>
         <run_address>0x5b78</run_address>
         <size>0x146</size>
         <input_file_ref idref="fl-14c"/>
      </object_component>
      <object_component id="oc-db">
         <name>.debug_info</name>
         <load_address>0x5cbe</load_address>
         <run_address>0x5cbe</run_address>
         <size>0x2c</size>
         <input_file_ref idref="fl-149"/>
      </object_component>
      <object_component id="oc-e2">
         <name>.debug_info</name>
         <load_address>0x5cea</load_address>
         <run_address>0x5cea</run_address>
         <size>0x2c</size>
         <input_file_ref idref="fl-14b"/>
      </object_component>
      <object_component id="oc-ee">
         <name>.debug_info</name>
         <load_address>0x5d16</load_address>
         <run_address>0x5d16</run_address>
         <size>0x2c</size>
         <input_file_ref idref="fl-176"/>
      </object_component>
      <object_component id="oc-f3">
         <name>.debug_info</name>
         <load_address>0x5d42</load_address>
         <run_address>0x5d42</run_address>
         <size>0x62</size>
         <input_file_ref idref="fl-177"/>
      </object_component>
      <object_component id="oc-f9">
         <name>.debug_info</name>
         <load_address>0x5da4</load_address>
         <run_address>0x5da4</run_address>
         <size>0x286</size>
         <input_file_ref idref="fl-167"/>
      </object_component>
      <object_component id="oc-100">
         <name>.debug_info</name>
         <load_address>0x602a</load_address>
         <run_address>0x602a</run_address>
         <size>0x31f</size>
         <input_file_ref idref="fl-168"/>
      </object_component>
      <object_component id="oc-104">
         <name>.debug_info</name>
         <load_address>0x6349</load_address>
         <run_address>0x6349</run_address>
         <size>0x128e</size>
         <input_file_ref idref="fl-15a"/>
      </object_component>
      <object_component id="oc-108">
         <name>.debug_info</name>
         <load_address>0x75d7</load_address>
         <run_address>0x75d7</run_address>
         <size>0xac</size>
         <input_file_ref idref="fl-160"/>
      </object_component>
      <object_component id="oc-10a">
         <name>.debug_info</name>
         <load_address>0x7683</load_address>
         <run_address>0x7683</run_address>
         <size>0x1eb</size>
         <input_file_ref idref="fl-150"/>
      </object_component>
      <object_component id="oc-10b">
         <name>.debug_info</name>
         <load_address>0x786e</load_address>
         <run_address>0x786e</run_address>
         <size>0x4e</size>
         <input_file_ref idref="fl-2"/>
      </object_component>
      <object_component id="oc-111">
         <name>.debug_info</name>
         <load_address>0x78bc</load_address>
         <run_address>0x78bc</run_address>
         <size>0xb6</size>
         <input_file_ref idref="fl-b"/>
      </object_component>
      <object_component id="oc-114">
         <name>.debug_info</name>
         <load_address>0x7972</load_address>
         <run_address>0x7972</run_address>
         <size>0x197</size>
         <input_file_ref idref="fl-18"/>
      </object_component>
      <object_component id="oc-116">
         <name>.debug_info</name>
         <load_address>0x7b09</load_address>
         <run_address>0x7b09</run_address>
         <size>0x161</size>
         <input_file_ref idref="fl-15"/>
      </object_component>
      <object_component id="oc-11c">
         <name>.debug_info</name>
         <load_address>0x7c6a</load_address>
         <run_address>0x7c6a</run_address>
         <size>0x8b</size>
         <input_file_ref idref="fl-f"/>
      </object_component>
      <object_component id="oc-121">
         <name>.debug_info</name>
         <load_address>0x7cf5</load_address>
         <run_address>0x7cf5</run_address>
         <size>0x1df</size>
         <input_file_ref idref="fl-f"/>
      </object_component>
      <object_component id="oc-128">
         <name>.debug_info</name>
         <load_address>0x7ed4</load_address>
         <run_address>0x7ed4</run_address>
         <size>0xb8</size>
         <input_file_ref idref="fl-3"/>
      </object_component>
      <object_component id="oc-131">
         <name>.debug_info</name>
         <load_address>0x7f8c</load_address>
         <run_address>0x7f8c</run_address>
         <size>0x2b9</size>
         <input_file_ref idref="fl-19"/>
      </object_component>
      <object_component id="oc-137">
         <name>.debug_info</name>
         <load_address>0x8245</load_address>
         <run_address>0x8245</run_address>
         <size>0xc0</size>
         <input_file_ref idref="fl-e"/>
      </object_component>
      <object_component id="oc-139">
         <name>.debug_info</name>
         <load_address>0x8305</load_address>
         <run_address>0x8305</run_address>
         <size>0x160</size>
         <input_file_ref idref="fl-e"/>
      </object_component>
      <object_component id="oc-145">
         <name>.debug_info</name>
         <load_address>0x8465</load_address>
         <run_address>0x8465</run_address>
         <size>0x544</size>
         <input_file_ref idref="fl-13"/>
      </object_component>
      <object_component id="oc-149">
         <name>.debug_info</name>
         <load_address>0x89a9</load_address>
         <run_address>0x89a9</run_address>
         <size>0x325</size>
         <input_file_ref idref="fl-1b"/>
      </object_component>
      <object_component id="oc-151">
         <name>.debug_info</name>
         <load_address>0x8cce</load_address>
         <run_address>0x8cce</run_address>
         <size>0xe6c</size>
         <input_file_ref idref="fl-3"/>
      </object_component>
      <object_component id="oc-159">
         <name>.debug_info</name>
         <load_address>0x9b3a</load_address>
         <run_address>0x9b3a</run_address>
         <size>0xfbf</size>
         <input_file_ref idref="fl-1a"/>
      </object_component>
      <object_component id="oc-160">
         <name>.debug_info</name>
         <load_address>0xaaf9</load_address>
         <run_address>0xaaf9</run_address>
         <size>0x3a6</size>
         <input_file_ref idref="fl-c"/>
      </object_component>
      <object_component id="oc-165">
         <name>.debug_info</name>
         <load_address>0xae9f</load_address>
         <run_address>0xae9f</run_address>
         <size>0x1a0</size>
         <input_file_ref idref="fl-9"/>
      </object_component>
      <object_component id="oc-168">
         <name>.debug_info</name>
         <load_address>0xb03f</load_address>
         <run_address>0xb03f</run_address>
         <size>0x246</size>
         <input_file_ref idref="fl-8"/>
      </object_component>
      <object_component id="oc-16d">
         <name>.debug_info</name>
         <load_address>0xb285</load_address>
         <run_address>0xb285</run_address>
         <size>0xb6</size>
         <input_file_ref idref="fl-a"/>
      </object_component>
      <object_component id="oc-16f">
         <name>.debug_info</name>
         <load_address>0xb33b</load_address>
         <run_address>0xb33b</run_address>
         <size>0x353</size>
         <input_file_ref idref="fl-d"/>
      </object_component>
      <object_component id="oc-172">
         <name>.debug_info</name>
         <load_address>0xb68e</load_address>
         <run_address>0xb68e</run_address>
         <size>0xac</size>
         <input_file_ref idref="fl-6"/>
      </object_component>
      <object_component id="oc-175">
         <name>.debug_info</name>
         <load_address>0xb73a</load_address>
         <run_address>0xb73a</run_address>
         <size>0x1af</size>
         <input_file_ref idref="fl-11"/>
      </object_component>
      <object_component id="oc-177">
         <name>.debug_info</name>
         <load_address>0xb8e9</load_address>
         <run_address>0xb8e9</run_address>
         <size>0x148</size>
         <input_file_ref idref="fl-15e"/>
      </object_component>
      <object_component id="oc-179">
         <name>.debug_info</name>
         <load_address>0xba31</load_address>
         <run_address>0xba31</run_address>
         <size>0x239</size>
         <input_file_ref idref="fl-14d"/>
      </object_component>
      <object_component id="oc-17e">
         <name>.debug_info</name>
         <load_address>0xbc6a</load_address>
         <run_address>0xbc6a</run_address>
         <size>0x446</size>
         <input_file_ref idref="fl-f"/>
      </object_component>
      <object_component id="oc-181">
         <name>.debug_info</name>
         <load_address>0xc0b0</load_address>
         <run_address>0xc0b0</run_address>
         <size>0x5e</size>
         <input_file_ref idref="fl-15b"/>
      </object_component>
      <object_component id="oc-189">
         <name>.debug_info</name>
         <load_address>0xc10e</load_address>
         <run_address>0xc10e</run_address>
         <size>0x1d4</size>
         <input_file_ref idref="fl-159"/>
      </object_component>
      <object_component id="oc-18d">
         <name>.debug_info</name>
         <load_address>0xc2e2</load_address>
         <run_address>0xc2e2</run_address>
         <size>0xd9</size>
         <input_file_ref idref="fl-159"/>
      </object_component>
      <object_component id="oc-195">
         <name>.debug_info</name>
         <load_address>0xc3bb</load_address>
         <run_address>0xc3bb</run_address>
         <size>0x1e5</size>
         <input_file_ref idref="fl-158"/>
      </object_component>
      <object_component id="oc-19b">
         <name>.debug_info</name>
         <load_address>0xc5a0</load_address>
         <run_address>0xc5a0</run_address>
         <size>0x20f</size>
         <input_file_ref idref="fl-166"/>
      </object_component>
      <object_component id="oc-19d">
         <name>.debug_info</name>
         <load_address>0xc7af</load_address>
         <run_address>0xc7af</run_address>
         <size>0xb71</size>
         <input_file_ref idref="fl-14e"/>
      </object_component>
      <object_component id="oc-1a2">
         <name>.debug_info</name>
         <load_address>0xd320</load_address>
         <run_address>0xd320</run_address>
         <size>0x193</size>
         <input_file_ref idref="fl-167"/>
      </object_component>
      <object_component id="oc-1a7">
         <name>.debug_info</name>
         <load_address>0xd4b3</load_address>
         <run_address>0xd4b3</run_address>
         <size>0x153</size>
         <input_file_ref idref="fl-172"/>
      </object_component>
      <object_component id="oc-1a9">
         <name>.debug_info</name>
         <load_address>0xd606</load_address>
         <run_address>0xd606</run_address>
         <size>0x16b</size>
         <input_file_ref idref="fl-16e"/>
      </object_component>
      <object_component id="oc-1ae">
         <name>.debug_info</name>
         <load_address>0xd771</load_address>
         <run_address>0xd771</run_address>
         <size>0x224</size>
         <input_file_ref idref="fl-168"/>
      </object_component>
      <object_component id="oc-1b0">
         <name>.debug_info</name>
         <load_address>0xd995</load_address>
         <run_address>0xd995</run_address>
         <size>0x13a</size>
         <input_file_ref idref="fl-173"/>
      </object_component>
      <object_component id="oc-1b4">
         <name>.debug_info</name>
         <load_address>0xdacf</load_address>
         <run_address>0xdacf</run_address>
         <size>0xd5</size>
         <input_file_ref idref="fl-16b"/>
      </object_component>
      <object_component id="oc-1ba">
         <name>.debug_info</name>
         <load_address>0xdba4</load_address>
         <run_address>0xdba4</run_address>
         <size>0xdb</size>
         <input_file_ref idref="fl-162"/>
      </object_component>
      <object_component id="oc-1bd">
         <name>.debug_info</name>
         <load_address>0xdc7f</load_address>
         <run_address>0xdc7f</run_address>
         <size>0xed</size>
         <input_file_ref idref="fl-164"/>
      </object_component>
      <object_component id="oc-1c1">
         <name>.debug_info</name>
         <load_address>0xdd6c</load_address>
         <run_address>0xdd6c</run_address>
         <size>0xed</size>
         <input_file_ref idref="fl-163"/>
      </object_component>
      <object_component id="oc-1c4">
         <name>.debug_info</name>
         <load_address>0xde59</load_address>
         <run_address>0xde59</run_address>
         <size>0xdd</size>
         <input_file_ref idref="fl-162"/>
      </object_component>
      <object_component id="oc-1c8">
         <name>.debug_info</name>
         <load_address>0xdf36</load_address>
         <run_address>0xdf36</run_address>
         <size>0xe1</size>
         <input_file_ref idref="fl-165"/>
      </object_component>
      <object_component id="oc-1cf">
         <name>.debug_info</name>
         <load_address>0xe017</load_address>
         <run_address>0xe017</run_address>
         <size>0x177</size>
         <input_file_ref idref="fl-16c"/>
      </object_component>
      <object_component id="oc-1d1">
         <name>.debug_info</name>
         <load_address>0xe18e</load_address>
         <run_address>0xe18e</run_address>
         <size>0xdf</size>
         <input_file_ref idref="fl-16a"/>
      </object_component>
      <object_component id="oc-1d5">
         <name>.debug_info</name>
         <load_address>0xe26d</load_address>
         <run_address>0xe26d</run_address>
         <size>0xff</size>
         <input_file_ref idref="fl-161"/>
      </object_component>
      <object_component id="oc-1d9">
         <name>.debug_info</name>
         <load_address>0xe36c</load_address>
         <run_address>0xe36c</run_address>
         <size>0xfc</size>
         <input_file_ref idref="fl-16f"/>
      </object_component>
      <object_component id="oc-1dd">
         <name>.debug_info</name>
         <load_address>0xe468</load_address>
         <run_address>0xe468</run_address>
         <size>0x110</size>
         <input_file_ref idref="fl-174"/>
      </object_component>
      <object_component id="oc-1e4">
         <name>.debug_info</name>
         <load_address>0xe578</load_address>
         <run_address>0xe578</run_address>
         <size>0x160</size>
         <input_file_ref idref="fl-16d"/>
      </object_component>
      <object_component id="oc-1e7">
         <name>.debug_info</name>
         <load_address>0xe6d8</load_address>
         <run_address>0xe6d8</run_address>
         <size>0x126</size>
         <input_file_ref idref="fl-15c"/>
      </object_component>
      <object_component id="oc-1ec">
         <name>.debug_info</name>
         <load_address>0xe7fe</load_address>
         <run_address>0xe7fe</run_address>
         <size>0x26b</size>
         <input_file_ref idref="fl-15a"/>
      </object_component>
      <object_component id="oc-1ed">
         <name>.debug_info</name>
         <load_address>0xea69</load_address>
         <run_address>0xea69</run_address>
         <size>0x86</size>
         <input_file_ref idref="fl-15a"/>
      </object_component>
      <object_component id="oc-1f2">
         <name>.debug_info</name>
         <load_address>0xeaef</load_address>
         <run_address>0xeaef</run_address>
         <size>0x39</size>
         <input_file_ref idref="fl-15a"/>
      </object_component>
      <object_component id="oc-1f9">
         <name>.debug_info</name>
         <load_address>0xeb28</load_address>
         <run_address>0xeb28</run_address>
         <size>0xc5</size>
         <input_file_ref idref="fl-160"/>
      </object_component>
      <object_component id="oc-1fc">
         <name>.debug_info</name>
         <load_address>0xebed</load_address>
         <run_address>0xebed</run_address>
         <size>0xae</size>
         <input_file_ref idref="fl-14d"/>
      </object_component>
      <object_component id="oc-203">
         <name>.debug_info</name>
         <load_address>0xec9b</load_address>
         <run_address>0xec9b</run_address>
         <size>0x1df</size>
         <input_file_ref idref="fl-3"/>
      </object_component>
      <object_component id="oc-20c">
         <name>.debug_info</name>
         <load_address>0xee7a</load_address>
         <run_address>0xee7a</run_address>
         <size>0x55</size>
         <input_file_ref idref="fl-2"/>
      </object_component>
      <object_component id="oc-212">
         <name>.debug_info</name>
         <load_address>0xeecf</load_address>
         <run_address>0xeecf</run_address>
         <size>0xe6</size>
         <input_file_ref idref="fl-19"/>
      </object_component>
      <object_component id="oc-218">
         <name>.debug_info</name>
         <load_address>0xefb5</load_address>
         <run_address>0xefb5</run_address>
         <size>0x179</size>
         <input_file_ref idref="fl-13"/>
      </object_component>
      <object_component id="oc-21a">
         <name>.debug_info</name>
         <load_address>0xf12e</load_address>
         <run_address>0xf12e</run_address>
         <size>0xf5</size>
         <input_file_ref idref="fl-13"/>
      </object_component>
      <object_component id="oc-21d">
         <name>.debug_info</name>
         <load_address>0xf223</load_address>
         <run_address>0xf223</run_address>
         <size>0x7e</size>
         <input_file_ref idref="fl-2"/>
      </object_component>
      <object_component id="oc-222">
         <name>.debug_info</name>
         <load_address>0xf2a1</load_address>
         <run_address>0xf2a1</run_address>
         <size>0xf0</size>
         <input_file_ref idref="fl-3"/>
      </object_component>
      <object_component id="oc-227">
         <name>.debug_info</name>
         <load_address>0xf391</load_address>
         <run_address>0xf391</run_address>
         <size>0xec</size>
         <input_file_ref idref="fl-3"/>
      </object_component>
      <object_component id="oc-22d">
         <name>.debug_info</name>
         <load_address>0xf47d</load_address>
         <run_address>0xf47d</run_address>
         <size>0xb2</size>
         <input_file_ref idref="fl-a"/>
      </object_component>
      <object_component id="oc-22f">
         <name>.debug_info</name>
         <load_address>0xf52f</load_address>
         <run_address>0xf52f</run_address>
         <size>0xa6</size>
         <input_file_ref idref="fl-7"/>
      </object_component>
      <object_component id="oc-231">
         <name>.debug_info</name>
         <load_address>0xf5d5</load_address>
         <run_address>0xf5d5</run_address>
         <size>0x204</size>
         <input_file_ref idref="fl-a"/>
      </object_component>
      <object_component id="oc-236">
         <name>.debug_info</name>
         <load_address>0xf7d9</load_address>
         <run_address>0xf7d9</run_address>
         <size>0xbd</size>
         <input_file_ref idref="fl-3"/>
      </object_component>
      <object_component id="oc-238">
         <name>.debug_info</name>
         <load_address>0xf896</load_address>
         <run_address>0xf896</run_address>
         <size>0x37c</size>
         <input_file_ref idref="fl-3"/>
      </object_component>
      <object_component id="oc-23a">
         <name>.debug_info</name>
         <load_address>0xfc12</load_address>
         <run_address>0xfc12</run_address>
         <size>0x2d5</size>
         <input_file_ref idref="fl-1a"/>
      </object_component>
      <object_component id="oc-23c">
         <name>.debug_info</name>
         <load_address>0xfee7</load_address>
         <run_address>0xfee7</run_address>
         <size>0x190</size>
         <input_file_ref idref="fl-c"/>
      </object_component>
      <object_component id="oc-23e">
         <name>.debug_info</name>
         <load_address>0x10077</load_address>
         <run_address>0x10077</run_address>
         <size>0x96</size>
         <input_file_ref idref="fl-9"/>
      </object_component>
      <object_component id="oc-240">
         <name>.debug_info</name>
         <load_address>0x1010d</load_address>
         <run_address>0x1010d</run_address>
         <size>0x17a</size>
         <input_file_ref idref="fl-12"/>
      </object_component>
      <object_component id="oc-242">
         <name>.debug_info</name>
         <load_address>0x10287</load_address>
         <run_address>0x10287</run_address>
         <size>0x1ae</size>
         <input_file_ref idref="fl-8"/>
      </object_component>
      <object_component id="oc-244">
         <name>.debug_info</name>
         <load_address>0x10435</load_address>
         <run_address>0x10435</run_address>
         <size>0x269</size>
         <input_file_ref idref="fl-8"/>
      </object_component>
      <object_component id="oc-247">
         <name>.debug_info</name>
         <load_address>0x1069e</load_address>
         <run_address>0x1069e</run_address>
         <size>0x222</size>
         <input_file_ref idref="fl-a"/>
      </object_component>
      <object_component id="oc-24a">
         <name>.debug_info</name>
         <load_address>0x108c0</load_address>
         <run_address>0x108c0</run_address>
         <size>0xef</size>
         <input_file_ref idref="fl-3"/>
      </object_component>
      <object_component id="oc-251">
         <name>.debug_info</name>
         <load_address>0x109af</load_address>
         <run_address>0x109af</run_address>
         <size>0x418</size>
         <input_file_ref idref="fl-6"/>
      </object_component>
      <object_component id="oc-258">
         <name>.debug_info</name>
         <load_address>0x10dc7</load_address>
         <run_address>0x10dc7</run_address>
         <size>0x2e7</size>
         <input_file_ref idref="fl-f"/>
      </object_component>
      <object_component id="oc-25d">
         <name>.debug_info</name>
         <load_address>0x110ae</load_address>
         <run_address>0x110ae</run_address>
         <size>0x419</size>
         <input_file_ref idref="fl-8"/>
      </object_component>
      <object_component id="oc-264">
         <name>.debug_info</name>
         <load_address>0x114c7</load_address>
         <run_address>0x114c7</run_address>
         <size>0xcd</size>
         <input_file_ref idref="fl-15e"/>
      </object_component>
      <object_component id="oc-26c">
         <name>.debug_info</name>
         <load_address>0x11594</load_address>
         <run_address>0x11594</run_address>
         <size>0x18c</size>
         <input_file_ref idref="fl-157"/>
      </object_component>
      <object_component id="oc-26f">
         <name>.debug_info</name>
         <load_address>0x11720</load_address>
         <run_address>0x11720</run_address>
         <size>0x185</size>
         <input_file_ref idref="fl-14d"/>
      </object_component>
      <object_component id="oc-279">
         <name>.debug_info</name>
         <load_address>0x118a5</load_address>
[...]
         <name>update_the_next_value</name>
         <value>0x2269</value>
         <object_component_ref idref="oc-158"/>
      </symbol>
      <symbol id="sm-4f8">
         <name>copy_the_next_value</name>
         <value>0x234d</value>
         <object_component_ref idref="oc-158"/>
      </symbol>
      <symbol id="sm-4f9">
         <name>obtain_decision</name>
         <value>0x1bb3</value>
         <object_component_ref idref="oc-158"/>
      </symbol>
      <symbol id="sm-4fa">
         <name>delete_the_next_value</name>
         <value>0x23c9</value>
         <object_component_ref idref="oc-158"/>
      </symbol>
      <symbol id="sm-546">
         <name>TX</name>
         <value>0x200005c0</value>
      </symbol>
      <symbol id="sm-547">
         <name>length</name>
         <value>0x200005d4</value>
      </symbol>
      <symbol id="sm-548">
         <name>current_state</name>
         <value>0x200005f5</value>
      </symbol>
      <symbol id="sm-549">
         <name>number1</name>
         <value>0x200005d8</value>
      </symbol>
      <symbol id="sm-54a">
         <name>number2</name>
         <value>0x200005dc</value>
      </symbol>
      <symbol id="sm-54b">
         <name>number3</name>
         <value>0x200005e0</value>
      </symbol>
      <symbol id="sm-54c">
         <name>char_input</name>
         <value>0x200005cc</value>
      </symbol>
      <symbol id="sm-54d">
         <name>send_to_uart</name>
         <value>0x35d5</value>
         <object_component_ref idref="oc-ae"/>
      </symbol>
      <symbol id="sm-54e">
         <name>generate_command_string</name>
         <value>0x357d</value>
         <object_component_ref idref="oc-ae"/>
      </symbol>
      <symbol id="sm-54f">
         <name>get_received_char</name>
         <value>0x32ef</value>
         <object_component_ref idref="oc-ae"/>
      </symbol>
      <symbol id="sm-550">
         <name>get_init_value_train</name>
         <value>0x3601</value>
         <object_component_ref idref="oc-ae"/>
      </symbol>
      <symbol id="sm-551">
         <name>initialization_Control_Software</name>
         <value>0x32c9</value>
         <object_component_ref idref="oc-ae"/>
      </symbol>
      <symbol id="sm-55f">
         <name>_c_int00</name>
         <value>0x63bd</value>
         <object_component_ref idref="oc-10"/>
      </symbol>
      <symbol id="sm-560">
         <name>__stack</name>
         <value>0x20000ba8</value>
         <object_component_ref idref="oc-23"/>
      </symbol>
      <symbol id="sm-576">
         <name>__TI_decompress_none</name>
         <value>0x6575</value>
         <object_component_ref idref="oc-14"/>
      </symbol>
      <symbol id="sm-598">
         <name>__TI_decompress_rle24</name>
         <value>0x6591</value>
         <object_component_ref idref="oc-1e"/>
      </symbol>
      <symbol id="sm-5b0">
         <name>__TI_zero_init</name>
         <value>0x6551</value>
         <object_component_ref idref="oc-19"/>
      </symbol>
      <symbol id="sm-5cc">
         <name>C$$EXIT</name>
         <value>0x6335</value>
         <object_component_ref idref="oc-50"/>
      </symbol>
      <symbol id="sm-5cd">
         <name>abort</name>
         <value>0x6339</value>
         <object_component_ref idref="oc-50"/>
      </symbol>
      <symbol id="sm-5ce">
         <name>exit</name>
         <value>0x6341</value>
         <object_component_ref idref="oc-50"/>
      </symbol>
      <symbol id="sm-5cf">
         <name>__TI_dtors_ptr</name>
         <value>0x20000b98</value>
         <object_component_ref idref="oc-d4"/>
      </symbol>
      <symbol id="sm-5d0">
         <name>__TI_cleanup_ptr</name>
         <value>0x20000b94</value>
         <object_component_ref idref="oc-d4"/>
      </symbol>
      <symbol id="sm-5eb">
         <name>getc</name>
         <value>0x5d59</value>
         <object_component_ref idref="oc-178"/>
      </symbol>
      <symbol id="sm-5ec">
         <name>getchar</name>
         <value>0x5d5d</value>
         <object_component_ref idref="oc-178"/>
      </symbol>
      <symbol id="sm-5ed">
         <name>fgetc</name>
         <value>0x5cdd</value>
         <object_component_ref idref="oc-178"/>
      </symbol>
      <symbol id="sm-63d">
         <name>open</name>
         <value>0x377b</value>
         <object_component_ref idref="oc-19c"/>
      </symbol>
      <symbol id="sm-63e">
         <name>add_device</name>
         <value>0x389f</value>
         <object_component_ref idref="oc-19c"/>
      </symbol>
      <symbol id="sm-63f">
         <name>remove_device</name>
         <value>0x372f</value>
         <object_component_ref idref="oc-19c"/>
      </symbol>
      <symbol id="sm-640">
         <name>lseek</name>
         <value>0x3829</value>
         <object_component_ref idref="oc-19c"/>
      </symbol>
      <symbol id="sm-641">
         <name>read</name>
         <value>0x3757</value>
         <object_component_ref idref="oc-19c"/>
      </symbol>
      <symbol id="sm-642">
         <name>rename</name>
         <value>0x36f1</value>
         <object_component_ref idref="oc-19c"/>
      </symbol>
      <symbol id="sm-643">
         <name>write</name>
         <value>0x363d</value>
         <object_component_ref idref="oc-19c"/>
      </symbol>
      <symbol id="sm-644">
         <name>close</name>
         <value>0x384d</value>
         <object_component_ref idref="oc-19c"/>
      </symbol>
      <symbol id="sm-645">
         <name>unlink</name>
         <value>0x36cd</value>
         <object_component_ref idref="oc-19c"/>
      </symbol>
      <symbol id="sm-65f">
         <name>memcpy</name>
         <value>0x5b15</value>
         <object_component_ref idref="oc-58"/>
      </symbol>
      <symbol id="sm-660">
         <name>__aeabi_memcpy</name>
         <value>0x5b15</value>
         <object_component_ref idref="oc-58"/>
      </symbol>
      <symbol id="sm-661">
         <name>__aeabi_memcpy8</name>
         <value>0x5b15</value>
         <object_component_ref idref="oc-58"/>
      </symbol>
      <symbol id="sm-662">
         <name>__aeabi_memcpy4</name>
         <value>0x5b15</value>
         <object_component_ref idref="oc-58"/>
      </symbol>
      <symbol id="sm-67a">
         <name>printf</name>
         <value>0x5f61</value>
         <object_component_ref idref="oc-79"/>
      </symbol>
      <symbol id="sm-681">
         <name>main_func_sp</name>
         <value>0x20000ba4</value>
         <object_component_ref idref="oc-55"/>
      </symbol>
      <symbol id="sm-690">
         <name>strchr</name>
         <value>0x6513</value>
         <object_component_ref idref="oc-28a"/>
      </symbol>
      <symbol id="sm-69e">
         <name>strcmp</name>
         <value>0x64e5</value>
         <object_component_ref idref="oc-285"/>
      </symbol>
      <symbol id="sm-6ad">
         <name>strncpy</name>
         <value>0x63f1</value>
         <object_component_ref idref="oc-28f"/>
      </symbol>
      <symbol id="sm-6cc">
         <name>HOSTgetenv</name>
         <value>0x3b63</value>
         <object_component_ref idref="oc-31c"/>
      </symbol>
      <symbol id="sm-6cd">
         <name>HOSTrename</name>
         <value>0x3a0b</value>
         <object_component_ref idref="oc-31c"/>
      </symbol>
      <symbol id="sm-6ce">
         <name>HOSTclose</name>
         <value>0x3ba1</value>
         <object_component_ref idref="oc-31c"/>
      </symbol>
      <symbol id="sm-6cf">
         <name>HOSTunlink</name>
         <value>0x3999</value>
         <object_component_ref idref="oc-31c"/>
      </symbol>
      <symbol id="sm-6d0">
         <name>HOSTlseek</name>
         <value>0x3b07</value>
         <object_component_ref idref="oc-31c"/>
      </symbol>
      <symbol id="sm-6d1">
         <name>HOSTopen</name>
         <value>0x3ab5</value>
         <object_component_ref idref="oc-31c"/>
      </symbol>
      <symbol id="sm-6d2">
         <name>HOSTclock</name>
         <value>0x3bd9</value>
         <object_component_ref idref="oc-31c"/>
      </symbol>
      <symbol id="sm-6d3">
         <name>HOSTwrite</name>
         <value>0x394d</value>
         <object_component_ref idref="oc-31c"/>
      </symbol>
      <symbol id="sm-6d4">
         <name>HOSTread</name>
         <value>0x3a69</value>
         <object_component_ref idref="oc-31c"/>
      </symbol>
      <symbol id="sm-6d5">
         <name>HOSTtime</name>
         <value>0x39d1</value>
         <object_component_ref idref="oc-31c"/>
      </symbol>
      <symbol id="sm-6ee">
         <name>__TI_readmsg</name>
         <value>0x60c7</value>
         <object_component_ref idref="oc-359"/>
      </symbol>
      <symbol id="sm-6ef">
         <name>C$$IO$$</name>
         <value>0x60c3</value>
         <object_component_ref idref="oc-359"/>
      </symbol>
      <symbol id="sm-6f0">
         <name>__CIOBUF_</name>
         <value>0x200003e0</value>
         <object_component_ref idref="oc-377"/>
      </symbol>
      <symbol id="sm-6f1">
         <name>__TI_writemsg</name>
         <value>0x6099</value>
         <object_component_ref idref="oc-359"/>
      </symbol>
      <symbol id="sm-709">
         <name>__TI_buff_read</name>
         <value>0x59dd</value>
         <object_component_ref idref="oc-269"/>
      </symbol>
      <symbol id="sm-726">
         <name>__TI_wrt_ok</name>
         <value>0x5931</value>
         <object_component_ref idref="oc-192"/>
      </symbol>
      <symbol id="sm-727">
         <name>__TI_rd_ok</name>
         <value>0x5993</value>
         <object_component_ref idref="oc-192"/>
      </symbol>
      <symbol id="sm-73d">
         <name>_nop</name>
         <value>0x6537</value>
         <object_component_ref idref="oc-186"/>
      </symbol>
      <symbol id="sm-73e">
         <name>_lock</name>
         <value>0x20000b8c</value>
         <object_component_ref idref="oc-d2"/>
      </symbol>
      <symbol id="sm-73f">
         <name>_unlock</name>
         <value>0x20000b90</value>
         <object_component_ref idref="oc-d2"/>
      </symbol>
      <symbol id="sm-740">
         <name>_register_lock</name>
         <value>0x652f</value>
         <object_component_ref idref="oc-186"/>
      </symbol>
      <symbol id="sm-741">
         <name>_register_unlock</name>
         <value>0x6529</value>
         <object_component_ref idref="oc-186"/>
      </symbol>
      <symbol id="sm-82a">
         <name>__TI_printfi</name>
         <value>0xc8b</value>
         <object_component_ref idref="oc-102"/>
      </symbol>
      <symbol id="sm-83d">
         <name>_args_main</name>
         <value>0x64b5</value>
         <object_component_ref idref="oc-4b"/>
      </symbol>
      <symbol id="sm-852">
         <name>atoi</name>
         <value>0x6211</value>
         <object_component_ref idref="oc-1e6"/>
      </symbol>
      <symbol id="sm-86e">
         <name>__TI_auto_init</name>
         <value>0x5c49</value>
         <object_component_ref idref="oc-47"/>
      </symbol>
      <symbol id="sm-886">
         <name>copy_in</name>
         <value>0x62f1</value>
         <object_component_ref idref="oc-c5"/>
      </symbol>
      <symbol id="sm-890">
         <name>_ctypes_</name>
         <value>0x6598</value>
         <object_component_ref idref="oc-2b9"/>
      </symbol>
      <symbol id="sm-8a6">
         <name>__aeabi_stdout</name>
         <value>0x20000b6c</value>
         <object_component_ref idref="oc-281"/>
      </symbol>
      <symbol id="sm-8a7">
         <name>__TI_tmpnams</name>
         <value>0x20000500</value>
         <object_component_ref idref="oc-371"/>
      </symbol>
      <symbol id="sm-8a8">
         <name>__aeabi_stderr</name>
         <value>0x20000b70</value>
         <object_component_ref idref="oc-281"/>
      </symbol>
      <symbol id="sm-8a9">
         <name>__aeabi_stdin</name>
         <value>0x20000b68</value>
         <object_component_ref idref="oc-281"/>
      </symbol>
      <symbol id="sm-8aa">
         <name>_ftable</name>
         <value>0x20000990</value>
         <object_component_ref idref="oc-107"/>
      </symbol>
      <symbol id="sm-8ab">
         <name>__TI_ft_end</name>
         <value>0x20000b64</value>
         <object_component_ref idref="oc-281"/>
      </symbol>
      <symbol id="sm-8c1">
         <name>__aeabi_dsub</name>
         <value>0x4ced</value>
         <object_component_ref idref="oc-1d4"/>
      </symbol>
      <symbol id="sm-8c2">
         <name>__aeabi_dadd</name>
         <value>0x4cf7</value>
         <object_component_ref idref="oc-1d4"/>
      </symbol>
      <symbol id="sm-8e2">
         <name>__aeabi_cdcmpeq</name>
         <value>0x5d71</value>
         <object_component_ref idref="oc-1b7"/>
      </symbol>
      <symbol id="sm-8e3">
         <name>__aeabi_cdcmple</name>
         <value>0x5d71</value>
         <object_component_ref idref="oc-1b7"/>
      </symbol>
      <symbol id="sm-8e4">
         <name>__aeabi_cdrcmple</name>
         <value>0x5def</value>
         <object_component_ref idref="oc-1c3"/>
      </symbol>
      <symbol id="sm-8f7">
         <name>__aeabi_ddiv</name>
         <value>0x5015</value>
         <object_component_ref idref="oc-1bf"/>
      </symbol>
      <symbol id="sm-901">
         <name>__aeabi_dmul</name>
         <value>0x55cd</value>
         <object_component_ref idref="oc-1bb"/>
      </symbol>
      <symbol id="sm-90a">
         <name>__aeabi_d2iz</name>
         <value>0x62a9</value>
         <object_component_ref idref="oc-1c7"/>
      </symbol>
      <symbol id="sm-923">
         <name>__TI_doflush</name>
         <value>0x5871</value>
         <object_component_ref idref="oc-197"/>
      </symbol>
      <symbol id="sm-924">
         <name>fflush</name>
         <value>0x58bd</value>
         <object_component_ref idref="oc-197"/>
      </symbol>
      <symbol id="sm-93b">
         <name>putc</name>
         <value>0x5afd</value>
         <object_component_ref idref="oc-f8"/>
      </symbol>
      <symbol id="sm-93c">
         <name>fputc</name>
         <value>0x5a79</value>
         <object_component_ref idref="oc-f8"/>
      </symbol>
      <symbol id="sm-93d">
         <name>putchar</name>
         <value>0x5b01</value>
         <object_component_ref idref="oc-f8"/>
      </symbol>
      <symbol id="sm-95e">
         <name>puts</name>
         <value>0x5257</value>
         <object_component_ref idref="oc-fd"/>
      </symbol>
      <symbol id="sm-95f">
         <name>fputs</name>
         <value>0x514d</value>
         <object_component_ref idref="oc-fd"/>
      </symbol>
      <symbol id="sm-970">
         <name>fseek</name>
         <value>0x6035</value>
         <object_component_ref idref="oc-275"/>
      </symbol>
      <symbol id="sm-979">
         <name>__aeabi_i2d</name>
         <value>0x6421</value>
         <object_component_ref idref="oc-1d0"/>
      </symbol>
      <symbol id="sm-981">
         <name>__aeabi_lmul</name>
         <value>0x64cd</value>
         <object_component_ref idref="oc-1b3"/>
      </symbol>
      <symbol id="sm-98f">
         <name>ltoa</name>
         <value>0x61b5</value>
         <object_component_ref idref="oc-1cb"/>
      </symbol>
      <symbol id="sm-99e">
         <name>memccpy</name>
         <value>0x649b</value>
         <object_component_ref idref="oc-1e1"/>
      </symbol>
      <symbol id="sm-9ad">
         <name>memchr</name>
         <value>0x64fd</value>
         <object_component_ref idref="oc-1a8"/>
      </symbol>
      <symbol id="sm-9bb">
         <name>__aeabi_memset</name>
         <value>0x5e6f</value>
         <object_component_ref idref="oc-1d8"/>
      </symbol>
      <symbol id="sm-9bc">
         <name>memset</name>
         <value>0x5e75</value>
         <object_component_ref idref="oc-1d8"/>
      </symbol>
      <symbol id="sm-9bd">
         <name>__aeabi_memset8</name>
         <value>0x5e6f</value>
         <object_component_ref idref="oc-1d8"/>
      </symbol>
      <symbol id="sm-9be">
         <name>__aeabi_memset4</name>
         <value>0x5e6f</value>
         <object_component_ref idref="oc-1d8"/>
      </symbol>
      <symbol id="sm-9bf">
         <name>__aeabi_memclr8</name>
         <value>0x5e6d</value>
         <object_component_ref idref="oc-1d8"/>
      </symbol>
      <symbol id="sm-9c0">
         <name>__aeabi_memclr4</name>
         <value>0x5e6d</value>
         <object_component_ref idref="oc-1d8"/>
      </symbol>
      <symbol id="sm-9c1">
         <name>__aeabi_memclr</name>
         <value>0x5e6d</value>
         <object_component_ref idref="oc-1d8"/>
      </symbol>
      <symbol id="sm-9dc">
         <name>setvbuf</name>
         <value>0x56c9</value>
         <object_component_ref idref="oc-27a"/>
      </symbol>
      <symbol id="sm-9e9">
         <name>strcpy</name>
         <value>0x6563</value>
         <object_component_ref idref="oc-35e"/>
      </symbol>
      <symbol id="sm-9f6">
         <name>strlen</name>
         <value>0x653d</value>
         <object_component_ref idref="oc-1a3"/>
      </symbol>
      <symbol id="sm-a11">
         <name>__aeabi_uldivmod</name>
         <value>0x4555</value>
         <object_component_ref idref="oc-1af"/>
      </symbol>
      <symbol id="sm-a1a">
         <name>_Dclass</name>
         <value>0x6583</value>
         <object_component_ref idref="oc-1dc"/>
      </symbol>
      <symbol id="sm-a2b">
         <name>_Dtest</name>
         <value>0x6379</value>
         <object_component_ref idref="oc-2b1"/>
      </symbol>
      <symbol id="sm-a62">
         <name>__TI_cleanup</name>
         <value>0x4bf5</value>
         <object_component_ref idref="oc-304"/>
      </symbol>
      <symbol id="sm-a63">
         <name>freopen</name>
         <value>0x4c21</value>
         <object_component_ref idref="oc-304"/>
      </symbol>
      <symbol id="sm-a64">
         <name>fopen</name>
         <value>0x4c4b</value>
         <object_component_ref idref="oc-304"/>
      </symbol>
      <symbol id="sm-ad0">
         <name>_sys_memory</name>
         <value>0x20000fa8</value>
         <object_component_ref idref="oc-24"/>
      </symbol>
      <symbol id="sm-ad1">
         <name>free</name>
         <value>0x2c6f</value>
         <object_component_ref idref="oc-2ff"/>
      </symbol>
      <symbol id="sm-ad2">
         <name>realloc</name>
         <value>0x2d2f</value>
         <object_component_ref idref="oc-2ff"/>
      </symbol>
      <symbol id="sm-ad3">
         <name>memalign</name>
         <value>0x2e35</value>
         <object_component_ref idref="oc-2ff"/>
      </symbol>
      <symbol id="sm-ad4">
         <name>calloc</name>
         <value>0x2f15</value>
         <object_component_ref idref="oc-2ff"/>
      </symbol>
      <symbol id="sm-ad5">
         <name>malloc</name>
         <value>0x2c0d</value>
         <object_component_ref idref="oc-2ff"/>
      </symbol>
      <symbol id="sm-ad6">
         <name>minit</name>
         <value>0x2b81</value>
         <object_component_ref idref="oc-2ff"/>
      </symbol>
      <symbol id="sm-aeb">
         <name>__TI_closefile</name>
         <value>0x5bb1</value>
         <object_component_ref idref="oc-349"/>
      </symbol>
      <symbol id="sm-aec">
         <name>fclose</name>
         <value>0x5c17</value>
         <object_component_ref idref="oc-349"/>
      </symbol>
      <symbol id="sm-aee">
         <name>__TI_static_base__</name>
         <value>0x0</value>
      </symbol>
      <symbol id="sm-aef">
         <name>__TI_args_main</name>
         <value>0x1</value>
      </symbol>
      <symbol id="sm-af0">
         <name>SHT$$INIT_ARRAY$$Limit</name>
         <value>0x0</value>
      </symbol>
      <symbol id="sm-af1">
         <name>SHT$$INIT_ARRAY$$Base</name>
         <value>0x0</value>
      </symbol>
      <symbol id="sm-af5">
         <name>remove</name>
         <value>0x36cd</value>
      </symbol>
   </symbol_table>
   <title>Link successful</title>
</link_info>
