<?xml version="1.0"?>
<link_info>
   <banner>TI ARM Linker PC v5.1.1</banner>
   <copyright>Copyright (c) 1996-2013 Texas Instruments Incorporated</copyright>
   <link_time>0x5666742d</link_time>
   <link_errors>0x0</link_errors>
   <output_file>ECED4402_a4.out</output_file>
   <entry_point>
      <name>_c_int00</name>
      <address>0x51b9</address>
   </entry_point>
   <input_file_list>
      <input_file id="fl-2">
         <path>.\</path>
         <kind>object</kind>
         <file>uart.obj</file>
         <name>uart.obj</name>
      </input_file>
      <input_file id="fl-3">
         <path>.\</path>
         <kind>object</kind>
         <file>train.obj</file>
         <name>train.obj</name>
      </input_file>
      <input_file id="fl-4">
         <path>.\</path>
         <kind>object</kind>
         <file>systick.obj</file>
         <name>systick.obj</name>
      </input_file>
      <input_file id="fl-5">
         <path>.\</path>
         <kind>object</kind>
         <file>sysctl.obj</file>
         <name>sysctl.obj</name>
      </input_file>
      <input_file id="fl-6">
         <path>.\</path>
         <kind>object</kind>
         <file>switch.obj</file>
         <name>switch.obj</name>
      </input_file>
      <input_file id="fl-7">
         <path>.\</path>
         <kind>object</kind>
         <file>spi.obj</file>
         <name>spi.obj</name>
      </input_file>
      <input_file id="fl-8">
         <path>.\</path>
         <kind>object</kind>
         <file>semaphore.obj</file>
         <name>semaphore.obj</name>
      </input_file>
      <input_file id="fl-9">
         <path>.\</path>
         <kind>object</kind>
         <file>railsystem.obj</file>
         <name>railsystem.obj</name>
      </input_file>
      <input_file id="fl-a">
         <path>.\</path>
         <kind>object</kind>
         <file>process.obj</file>
         <name>process.obj</name>
      </input_file>
      <input_file id="fl-b">
         <path>.\</path>
         <kind>object</kind>
         <file>messageatmel.obj</file>
         <name>messageatmel.obj</name>
      </input_file>
      <input_file id="fl-c">
         <path>.\</path>
         <kind>object</kind>
         <file>memory.obj</file>
         <name>memory.obj</name>
      </input_file>
      <input_file id="fl-d">
         <path>.\</path>
         <kind>object</kind>
         <file>main.obj</file>
         <name>main.obj</name>
      </input_file>
      <input_file id="fl-e">
         <path>.\</path>
         <kind>object</kind>
         <file>lm3s9d92_startup_ccs.obj</file>
         <name>lm3s9d92_startup_ccs.obj</name>
      </input_file>
      <input_file id="fl-f">
         <path>.\</path>
         <kind>object</kind>
         <file>gpiof.obj</file>
         <name>gpiof.obj</name>
      </input_file>
      <input_file id="fl-10">
         <path>.\</path>
         <kind>object</kind>
         <file>gpioe.obj</file>
         <name>gpioe.obj</name>
      </input_file>
      <input_file id="fl-11">
         <path>.\</path>
         <kind>object</kind>
         <file>cursor.obj</file>
         <name>cursor.obj</name>
      </input_file>
      <input_file id="fl-12">
         <path>.\</path>
         <kind>object</kind>
         <file>SVCCall.obj</file>
         <name>SVCCall.obj</name>
      </input_file>
      <input_file id="fl-13">
         <path>.\</path>
         <kind>object</kind>
         <file>Queue.obj</file>
         <name>Queue.obj</name>
      </input_file>
      <input_file id="fl-14">
         <path>.\</path>
         <kind>object</kind>
         <file>PriorityQueue.obj</file>
         <name>PriorityQueue.obj</name>
      </input_file>
      <input_file id="fl-15">
         <path>.\</path>
         <kind>object</kind>
         <file>PendSVHandler.obj</file>
         <name>PendSVHandler.obj</name>
      </input_file>
      <input_file id="fl-16">
         <path>.\</path>
         <kind>object</kind>
         <file>PcbQueue.obj</file>
         <name>PcbQueue.obj</name>
      </input_file>
      <input_file id="fl-17">
         <path>.\</path>
         <kind>object</kind>
         <file>Kernel.obj</file>
         <name>Kernel.obj</name>
      </input_file>
      <input_file id="fl-18">
         <path>.\</path>
         <kind>object</kind>
         <file>HallSensor.obj</file>
         <name>HallSensor.obj</name>
      </input_file>
      <input_file id="fl-19">
         <path>.\</path>
         <kind>object</kind>
         <file>ControlSoftware.obj</file>
         <name>ControlSoftware.obj</name>
      </input_file>
      <input_file id="fl-1a">
         <path>.\</path>
         <kind>object</kind>
         <file>AtmelPro.obj</file>
         <name>AtmelPro.obj</name>
      </input_file>
      <input_file id="fl-147">
         <path>C:\ti\ccsv5\tools\compiler\arm_5.1.1\lib\</path>
         <kind>archive</kind>
         <file>rtsv7M3_T_le_eabi.lib</file>
         <name>boot.obj</name>
      </input_file>
      <input_file id="fl-148">
         <path>C:\ti\ccsv5\tools\compiler\arm_5.1.1\lib\</path>
         <kind>archive</kind>
         <file>rtsv7M3_T_le_eabi.lib</file>
         <name>copy_decompress_none.obj</name>
      </input_file>
      <input_file id="fl-149">
         <path>C:\ti\ccsv5\tools\compiler\arm_5.1.1\lib\</path>
         <kind>archive</kind>
         <file>rtsv7M3_T_le_eabi.lib</file>
         <name>copy_decompress_rle.obj</name>
      </input_file>
      <input_file id="fl-14a">
         <path>C:\ti\ccsv5\tools\compiler\arm_5.1.1\lib\</path>
         <kind>archive</kind>
         <file>rtsv7M3_T_le_eabi.lib</file>
         <name>copy_zero_init.obj</name>
      </input_file>
      <input_file id="fl-14b">
         <path>C:\ti\ccsv5\tools\compiler\arm_5.1.1\lib\</path>
         <kind>archive</kind>
         <file>rtsv7M3_T_le_eabi.lib</file>
         <name>exit.obj</name>
      </input_file>
      <input_file id="fl-14c">
         <path>C:\ti\ccsv5\tools\compiler\arm_5.1.1\lib\</path>
         <kind>archive</kind>
         <file>rtsv7M3_T_le_eabi.lib</file>
         <name>fgetc.obj</name>
      </input_file>
      <input_file id="fl-14d">
         <path>C:\ti\ccsv5\tools\compiler\arm_5.1.1\lib\</path>
         <kind>archive</kind>
         <file>rtsv7M3_T_le_eabi.lib</file>
         <name>lowlev.obj</name>
      </input_file>
      <input_file id="fl-14e">
         <path>C:\ti\ccsv5\tools\compiler\arm_5.1.1\lib\</path>
         <kind>archive</kind>
         <file>rtsv7M3_T_le_eabi.lib</file>
         <name>memcpy_t2.obj</name>
      </input_file>
      <input_file id="fl-14f">
         <path>C:\ti\ccsv5\tools\compiler\arm_5.1.1\lib\</path>
         <kind>archive</kind>
         <file>rtsv7M3_T_le_eabi.lib</file>
         <name>printf.obj</name>
      </input_file>
      <input_file id="fl-150">
         <path>C:\ti\ccsv5\tools\compiler\arm_5.1.1\lib\</path>
         <kind>archive</kind>
         <file>rtsv7M3_T_le_eabi.lib</file>
         <name>stkdepth_vars.obj</name>
      </input_file>
      <input_file id="fl-151">
         <path>C:\ti\ccsv5\tools\compiler\arm_5.1.1\lib\</path>
         <kind>archive</kind>
         <file>rtsv7M3_T_le_eabi.lib</file>
         <name>strchr.obj</name>
      </input_file>
      <input_file id="fl-152">
         <path>C:\ti\ccsv5\tools\compiler\arm_5.1.1\lib\</path>
         <kind>archive</kind>
         <file>rtsv7M3_T_le_eabi.lib</file>
         <name>strcmp.obj</name>
      </input_file>
      <input_file id="fl-153">
         <path>C:\ti\ccsv5\tools\compiler\arm_5.1.1\lib\</path>
         <kind>archive</kind>
         <file>rtsv7M3_T_le_eabi.lib</file>
         <name>strncpy.obj</name>
      </input_file>
      <input_file id="fl-154">
         <path>C:\ti\ccsv5\tools\compiler\arm_5.1.1\lib\</path>
         <kind>archive</kind>
         <file>rtsv7M3_T_le_eabi.lib</file>
         <name>trgdrv.obj</name>
      </input_file>
      <input_file id="fl-155">
         <path>C:\ti\ccsv5\tools\compiler\arm_5.1.1\lib\</path>
         <kind>archive</kind>
         <file>rtsv7M3_T_le_eabi.lib</file>
         <name>trgmsg.obj</name>
      </input_file>
      <input_file id="fl-156">
         <path>C:\ti\ccsv5\tools\compiler\arm_5.1.1\lib\</path>
         <kind>archive</kind>
         <file>rtsv7M3_T_le_eabi.lib</file>
         <name>_bufread.obj</name>
      </input_file>
      <input_file id="fl-157">
         <path>C:\ti\ccsv5\tools\compiler\arm_5.1.1\lib\</path>
         <kind>archive</kind>
         <file>rtsv7M3_T_le_eabi.lib</file>
         <name>_io_perm.obj</name>
      </input_file>
      <input_file id="fl-158">
         <path>C:\ti\ccsv5\tools\compiler\arm_5.1.1\lib\</path>
         <kind>archive</kind>
         <file>rtsv7M3_T_le_eabi.lib</file>
         <name>_lock.obj</name>
      </input_file>
      <input_file id="fl-159">
         <path>C:\ti\ccsv5\tools\compiler\arm_5.1.1\lib\</path>
         <kind>archive</kind>
         <file>rtsv7M3_T_le_eabi.lib</file>
         <name>_printfi.obj</name>
      </input_file>
      <input_file id="fl-15a">
         <path>C:\ti\ccsv5\tools\compiler\arm_5.1.1\lib\</path>
         <kind>archive</kind>
         <file>rtsv7M3_T_le_eabi.lib</file>
         <name>args_main.obj</name>
      </input_file>
      <input_file id="fl-15b">
         <path>C:\ti\ccsv5\tools\compiler\arm_5.1.1\lib\</path>
         <kind>archive</kind>
         <file>rtsv7M3_T_le_eabi.lib</file>
         <name>atoi.obj</name>
      </input_file>
      <input_file id="fl-15c">
         <path>C:\ti\ccsv5\tools\compiler\arm_5.1.1\lib\</path>
         <kind>archive</kind>
         <file>rtsv7M3_T_le_eabi.lib</file>
         <name>auto_init.obj</name>
      </input_file>
      <input_file id="fl-15d">
         <path>C:\ti\ccsv5\tools\compiler\arm_5.1.1\lib\</path>
         <kind>archive</kind>
         <file>rtsv7M3_T_le_eabi.lib</file>
         <name>cpy_tbl.obj</name>
      </input_file>
      <input_file id="fl-15e">
         <path>C:\ti\ccsv5\tools\compiler\arm_5.1.1\lib\</path>
         <kind>archive</kind>
         <file>rtsv7M3_T_le_eabi.lib</file>
         <name>ctype.obj</name>
      </input_file>
      <input_file id="fl-15f">
         <path>C:\ti\ccsv5\tools\compiler\arm_5.1.1\lib\</path>
         <kind>archive</kind>
         <file>rtsv7M3_T_le_eabi.lib</file>
         <name>defs.obj</name>
      </input_file>
      <input_file id="fl-160">
         <path>C:\ti\ccsv5\tools\compiler\arm_5.1.1\lib\</path>
         <kind>archive</kind>
         <file>rtsv7M3_T_le_eabi.lib</file>
         <name>fd_add_t2.obj</name>
      </input_file>
      <input_file id="fl-161">
         <path>C:\ti\ccsv5\tools\compiler\arm_5.1.1\lib\</path>
         <kind>archive</kind>
         <file>rtsv7M3_T_le_eabi.lib</file>
         <name>fd_cmp_t2.obj</name>
      </input_file>
      <input_file id="fl-162">
         <path>C:\ti\ccsv5\tools\compiler\arm_5.1.1\lib\</path>
         <kind>archive</kind>
         <file>rtsv7M3_T_le_eabi.lib</file>
         <name>fd_div_t2.obj</name>
      </input_file>
      <input_file id="fl-163">
         <path>C:\ti\ccsv5\tools\compiler\arm_5.1.1\lib\</path>
         <kind>archive</kind>
         <file>rtsv7M3_T_le_eabi.lib</file>
         <name>fd_mul_t2.obj</name>
      </input_file>
      <input_file id="fl-164">
         <path>C:\ti\ccsv5\tools\compiler\arm_5.1.1\lib\</path>
         <kind>archive</kind>
         <file>rtsv7M3_T_le_eabi.lib</file>
         <name>fd_toi_t2.obj</name>
      </input_file>
      <input_file id="fl-165">
         <path>C:\ti\ccsv5\tools\compiler\arm_5.1.1\lib\</path>
         <kind>archive</kind>
         <file>rtsv7M3_T_le_eabi.lib</file>
         <name>fflush.obj</name>
      </input_file>
      <input_file id="fl-166">
         <path>C:\ti\ccsv5\tools\compiler\arm_5.1.1\lib\</path>
         <kind>archive</kind>
         <file>rtsv7M3_T_le_eabi.lib</file>
         <name>fputc.obj</name>
      </input_file>
      <input_file id="fl-167">
         <path>C:\ti\ccsv5\tools\compiler\arm_5.1.1\lib\</path>
         <kind>archive</kind>
         <file>rtsv7M3_T_le_eabi.lib</file>
         <name>fputs.obj</name>
      </input_file>
      <input_file id="fl-168">
         <path>C:\ti\ccsv5\tools\compiler\arm_5.1.1\lib\</path>
         <kind>archive</kind>
         <file>rtsv7M3_T_le_eabi.lib</file>
         <name>fseek.obj</name>
      </input_file>
      <input_file id="fl-169">
         <path>C:\ti\ccsv5\tools\compiler\arm_5.1.1\lib\</path>
         <kind>archive</kind>
         <file>rtsv7M3_T_le_eabi.lib</file>
         <name>i_tofd_t2.obj</name>
      </input_file>
      <input_file id="fl-16a">
         <path>C:\ti\ccsv5\tools\compiler\arm_5.1.1\lib\</path>
         <kind>archive</kind>
         <file>rtsv7M3_T_le_eabi.lib</file>
         <name>ll_mul_t2.obj</name>
      </input_file>
      <input_file id="fl-16b">
         <path>C:\ti\ccsv5\tools\compiler\arm_5.1.1\lib\</path>
         <kind>archive</kind>
         <file>rtsv7M3_T_le_eabi.lib</file>
         <name>ltoa.obj</name>
      </input_file>
      <input_file id="fl-16c">
         <path>C:\ti\ccsv5\tools\compiler\arm_5.1.1\lib\</path>
         <kind>archive</kind>
         <file>rtsv7M3_T_le_eabi.lib</file>
         <name>memccpy.obj</name>
      </input_file>
      <input_file id="fl-16d">
         <path>C:\ti\ccsv5\tools\compiler\arm_5.1.1\lib\</path>
         <kind>archive</kind>
         <file>rtsv7M3_T_le_eabi.lib</file>
         <name>memchr.obj</name>
      </input_file>
      <input_file id="fl-16e">
         <path>C:\ti\ccsv5\tools\compiler\arm_5.1.1\lib\</path>
         <kind>archive</kind>
         <file>rtsv7M3_T_le_eabi.lib</file>
         <name>memset_t2.obj</name>
      </input_file>
      <input_file id="fl-16f">
         <path>C:\ti\ccsv5\tools\compiler\arm_5.1.1\lib\</path>
         <kind>archive</kind>
         <file>rtsv7M3_T_le_eabi.lib</file>
         <name>setvbuf.obj</name>
      </input_file>
      <input_file id="fl-170">
         <path>C:\ti\ccsv5\tools\compiler\arm_5.1.1\lib\</path>
         <kind>archive</kind>
         <file>rtsv7M3_T_le_eabi.lib</file>
         <name>strcpy.obj</name>
      </input_file>
      <input_file id="fl-171">
         <path>C:\ti\ccsv5\tools\compiler\arm_5.1.1\lib\</path>
         <kind>archive</kind>
         <file>rtsv7M3_T_le_eabi.lib</file>
         <name>strlen.obj</name>
      </input_file>
      <input_file id="fl-172">
         <path>C:\ti\ccsv5\tools\compiler\arm_5.1.1\lib\</path>
         <kind>archive</kind>
         <file>rtsv7M3_T_le_eabi.lib</file>
         <name>ull_div_t2.obj</name>
      </input_file>
      <input_file id="fl-173">
         <path>C:\ti\ccsv5\tools\compiler\arm_5.1.1\lib\</path>
         <kind>archive</kind>
         <file>rtsv7M3_T_le_eabi.lib</file>
         <name>xdclass.obj</name>
      </input_file>
      <input_file id="fl-174">
         <path>C:\ti\ccsv5\tools\compiler\arm_5.1.1\lib\</path>
         <kind>archive</kind>
         <file>rtsv7M3_T_le_eabi.lib</file>
         <name>xdtest.obj</name>
      </input_file>
      <input_file id="fl-175">
         <path>C:\ti\ccsv5\tools\compiler\arm_5.1.1\lib\</path>
         <kind>archive</kind>
         <file>rtsv7M3_T_le_eabi.lib</file>
         <name>fopen.obj</name>
      </input_file>
      <input_file id="fl-176">
         <path>C:\ti\ccsv5\tools\compiler\arm_5.1.1\lib\</path>
         <kind>archive</kind>
         <file>rtsv7M3_T_le_eabi.lib</file>
         <name>memory.obj</name>
      </input_file>
      <input_file id="fl-177">
         <path>C:\ti\ccsv5\tools\compiler\arm_5.1.1\lib\</path>
         <kind>archive</kind>
         <file>rtsv7M3_T_le_eabi.lib</file>
         <name>fclose.obj</name>
      </input_file>
      <input_file id="fl-178">
         <path>C:\ti\ccsv5\tools\compiler\arm_5.1.1\lib\</path>
         <kind>archive</kind>
         <file>rtsv7M3_T_le_eabi.lib</file>
         <name>remove.obj</name>
      </input_file>
   </input_file_list>
   <object_component_list>
      <object_component id="oc-e">
         <name>.intvecs</name>
         <load_address>0x0</load_address>
         <run_address>0x0</run_address>
         <size>0x11c</size>
         <input_file_ref idref="fl-e"/>
      </object_component>
      <object_component id="oc-110">
         <name>.text</name>
         <load_address>0x11c</load_address>
         <run_address>0x11c</run_address>
         <size>0xe78</size>
         <input_file_ref idref="fl-159"/>
      </object_component>
      <object_component id="oc-bb">
         <name>.text</name>
         <load_address>0xf94</load_address>
         <run_address>0xf94</run_address>
         <size>0x756</size>
         <input_file_ref idref="fl-18"/>
      </object_component>
      <object_component id="oc-a8">
         <name>.text</name>
         <load_address>0x16ec</load_address>
         <run_address>0x16ec</run_address>
         <size>0x688</size>
         <input_file_ref idref="fl-c"/>
      </object_component>
      <object_component id="oc-2d6">
         <name>.text</name>
         <load_address>0x1d74</load_address>
         <run_address>0x1d74</run_address>
         <size>0x3cc</size>
         <input_file_ref idref="fl-176"/>
      </object_component>
      <object_component id="oc-98">
         <name>.text</name>
         <load_address>0x2140</load_address>
         <run_address>0x2140</run_address>
         <size>0x37c</size>
         <input_file_ref idref="fl-14"/>
      </object_component>
      <object_component id="oc-b6">
         <name>.text</name>
         <load_address>0x24bc</load_address>
         <run_address>0x24bc</run_address>
         <size>0x342</size>
         <input_file_ref idref="fl-b"/>
      </object_component>
      <object_component id="oc-1a0">
         <name>.text</name>
         <load_address>0x2800</load_address>
         <run_address>0x2800</run_address>
         <size>0x310</size>
         <input_file_ref idref="fl-14d"/>
      </object_component>
      <object_component id="oc-2f3">
         <name>.text</name>
         <load_address>0x2b10</load_address>
         <run_address>0x2b10</run_address>
         <size>0x2d4</size>
         <input_file_ref idref="fl-154"/>
      </object_component>
      <object_component id="oc-84">
         <name>.text</name>
         <load_address>0x2de4</load_address>
         <run_address>0x2de4</run_address>
         <size>0x2d0</size>
         <input_file_ref idref="fl-16"/>
      </object_component>
      <object_component id="oc-1b3">
         <name>.text</name>
         <load_address>0x30b4</load_address>
         <run_address>0x30b4</run_address>
         <size>0x1f4</size>
         <input_file_ref idref="fl-172"/>
      </object_component>
      <object_component id="oc-15a">
         <name>.text</name>
         <load_address>0x32a8</load_address>
         <run_address>0x32a8</run_address>
         <size>0x1f4</size>
         <input_file_ref idref="fl-7"/>
      </object_component>
      <object_component id="oc-3a">
         <name>.text</name>
         <load_address>0x349c</load_address>
         <run_address>0x349c</run_address>
         <size>0x1f0</size>
         <input_file_ref idref="fl-2"/>
      </object_component>
      <object_component id="oc-3f">
         <name>.text</name>
         <load_address>0x368c</load_address>
         <run_address>0x368c</run_address>
         <size>0x1d4</size>
         <input_file_ref idref="fl-f"/>
      </object_component>
      <object_component id="oc-2db">
         <name>.text</name>
         <load_address>0x3860</load_address>
         <run_address>0x3860</run_address>
         <size>0x1c0</size>
         <input_file_ref idref="fl-175"/>
      </object_component>
      <object_component id="oc-1d8">
         <name>.text</name>
         <load_address>0x3a20</load_address>
         <run_address>0x3a20</run_address>
         <size>0x1b6</size>
         <input_file_ref idref="fl-160"/>
      </object_component>
      <object_component id="oc-b0">
         <name>.text</name>
         <load_address>0x3bd8</load_address>
         <run_address>0x3bd8</run_address>
         <size>0x17c</size>
         <input_file_ref idref="fl-19"/>
      </object_component>
      <object_component id="oc-89">
         <name>.text</name>
         <load_address>0x3d54</load_address>
         <run_address>0x3d54</run_address>
         <size>0x170</size>
         <input_file_ref idref="fl-13"/>
      </object_component>
      <object_component id="oc-1c3">
         <name>.text</name>
         <load_address>0x3ec4</load_address>
         <run_address>0x3ec4</run_address>
         <size>0x136</size>
         <input_file_ref idref="fl-162"/>
      </object_component>
      <object_component id="oc-10b">
         <name>.text</name>
         <load_address>0x3ffc</load_address>
         <run_address>0x3ffc</run_address>
         <size>0x134</size>
         <input_file_ref idref="fl-167"/>
      </object_component>
      <object_component id="oc-c0">
         <name>.text</name>
         <load_address>0x4130</load_address>
         <run_address>0x4130</run_address>
         <size>0x118</size>
         <input_file_ref idref="fl-11"/>
      </object_component>
      <object_component id="oc-2b">
         <name>.text</name>
         <load_address>0x4248</load_address>
         <run_address>0x4248</run_address>
         <size>0x108</size>
         <input_file_ref idref="fl-12"/>
      </object_component>
      <object_component id="oc-1bf">
         <name>.text</name>
         <load_address>0x4350</load_address>
         <run_address>0x4350</run_address>
         <size>0xfc</size>
         <input_file_ref idref="fl-163"/>
      </object_component>
      <object_component id="oc-267">
         <name>.text</name>
         <load_address>0x444c</load_address>
         <run_address>0x444c</run_address>
         <size>0xdc</size>
         <input_file_ref idref="fl-16f"/>
      </object_component>
      <object_component id="oc-d9">
         <name>.text</name>
         <load_address>0x4528</load_address>
         <run_address>0x4528</run_address>
         <size>0xc4</size>
         <input_file_ref idref="fl-d"/>
      </object_component>
      <object_component id="oc-19b">
         <name>.text</name>
         <load_address>0x45ec</load_address>
         <run_address>0x45ec</run_address>
         <size>0xc0</size>
         <input_file_ref idref="fl-165"/>
      </object_component>
      <object_component id="oc-196">
         <name>.text</name>
         <load_address>0x46ac</load_address>
         <run_address>0x46ac</run_address>
         <size>0xac</size>
         <input_file_ref idref="fl-157"/>
      </object_component>
      <object_component id="oc-258">
         <name>.text</name>
         <load_address>0x4758</load_address>
         <run_address>0x4758</run_address>
         <size>0x9c</size>
         <input_file_ref idref="fl-156"/>
      </object_component>
      <object_component id="oc-106">
         <name>.text</name>
         <load_address>0x47f4</load_address>
         <run_address>0x47f4</run_address>
         <size>0x9c</size>
         <input_file_ref idref="fl-166"/>
      </object_component>
      <object_component id="oc-58">
         <name>.text</name>
         <load_address>0x4890</load_address>
         <run_address>0x4890</run_address>
         <size>0x9c</size>
         <input_file_ref idref="fl-14e"/>
      </object_component>
      <object_component id="oc-320">
         <name>.text</name>
         <load_address>0x492c</load_address>
         <run_address>0x492c</run_address>
         <size>0x98</size>
         <input_file_ref idref="fl-177"/>
      </object_component>
      <object_component id="oc-30">
         <name>.text</name>
         <load_address>0x49c4</load_address>
         <run_address>0x49c4</run_address>
         <size>0x94</size>
         <input_file_ref idref="fl-15"/>
      </object_component>
      <object_component id="oc-47">
         <name>.text</name>
         <load_address>0x4a58</load_address>
         <run_address>0x4a58</run_address>
         <size>0x94</size>
         <input_file_ref idref="fl-15c"/>
      </object_component>
      <object_component id="oc-17c">
         <name>.text</name>
         <load_address>0x4aec</load_address>
         <run_address>0x4aec</run_address>
         <size>0x94</size>
         <input_file_ref idref="fl-14c"/>
      </object_component>
      <object_component id="oc-1bb">
         <name>.text:__aeabi_cdcmple</name>
         <load_address>0x4b80</load_address>
         <run_address>0x4b80</run_address>
         <size>0x7e</size>
         <input_file_ref idref="fl-161"/>
      </object_component>
      <object_component id="oc-1c7">
         <name>.text:__aeabi_cdrcmple</name>
         <load_address>0x4bfe</load_address>
         <run_address>0x4bfe</run_address>
         <size>0x7e</size>
         <input_file_ref idref="fl-161"/>
      </object_component>
      <object_component id="oc-1dc">
         <name>.text</name>
         <load_address>0x4c7c</load_address>
         <run_address>0x4c7c</run_address>
         <size>0x78</size>
         <input_file_ref idref="fl-16e"/>
      </object_component>
      <object_component id="oc-7f">
         <name>.text</name>
         <load_address>0x4cf4</load_address>
         <run_address>0x4cf4</run_address>
         <size>0x74</size>
         <input_file_ref idref="fl-a"/>
      </object_component>
      <object_component id="oc-79">
         <name>.text</name>
         <load_address>0x4d68</load_address>
         <run_address>0x4d68</run_address>
         <size>0x70</size>
         <input_file_ref idref="fl-14f"/>
      </object_component>
      <object_component id="oc-13e">
         <name>.text</name>
         <load_address>0x4dd8</load_address>
         <run_address>0x4dd8</run_address>
         <size>0x6c</size>
         <input_file_ref idref="fl-17"/>
      </object_component>
      <object_component id="oc-262">
         <name>.text</name>
         <load_address>0x4e44</load_address>
         <run_address>0x4e44</run_address>
         <size>0x64</size>
         <input_file_ref idref="fl-168"/>
      </object_component>
      <object_component id="oc-330">
         <name>.text</name>
         <load_address>0x4ea8</load_address>
         <run_address>0x4ea8</run_address>
         <size>0x60</size>
         <input_file_ref idref="fl-155"/>
      </object_component>
      <object_component id="oc-6a">
         <name>.text</name>
         <load_address>0x4f08</load_address>
         <run_address>0x4f08</run_address>
         <size>0x5e</size>
         <input_file_ref idref="fl-149"/>
      </object_component>
      <object_component id="oc-1cf">
         <name>.text</name>
         <load_address>0x4f66</load_address>
         <run_address>0x4f66</run_address>
         <size>0x5a</size>
         <input_file_ref idref="fl-16b"/>
      </object_component>
      <object_component id="oc-26">
         <name>.text</name>
         <load_address>0x4fc0</load_address>
         <run_address>0x4fc0</run_address>
         <size>0x4c</size>
         <input_file_ref idref="fl-e"/>
      </object_component>
      <object_component id="oc-1ea">
         <name>.text</name>
         <load_address>0x500c</load_address>
         <run_address>0x500c</run_address>
         <size>0x4c</size>
         <input_file_ref idref="fl-15b"/>
      </object_component>
      <object_component id="oc-35">
         <name>.text</name>
         <load_address>0x5058</load_address>
         <run_address>0x5058</run_address>
         <size>0x4c</size>
         <input_file_ref idref="fl-4"/>
      </object_component>
      <object_component id="oc-1cb">
         <name>.text</name>
         <load_address>0x50a4</load_address>
         <run_address>0x50a4</run_address>
         <size>0x48</size>
         <input_file_ref idref="fl-164"/>
      </object_component>
      <object_component id="oc-d3">
         <name>.text</name>
         <load_address>0x50ec</load_address>
         <run_address>0x50ec</run_address>
         <size>0x44</size>
         <input_file_ref idref="fl-15d"/>
      </object_component>
      <object_component id="oc-50">
         <name>.text</name>
         <load_address>0x5130</load_address>
         <run_address>0x5130</run_address>
         <size>0x44</size>
         <input_file_ref idref="fl-14b"/>
      </object_component>
      <object_component id="oc-29e">
         <name>.text</name>
         <load_address>0x5174</load_address>
         <run_address>0x5174</run_address>
         <size>0x44</size>
         <input_file_ref idref="fl-174"/>
      </object_component>
      <object_component id="oc-10">
         <name>.text</name>
         <load_address>0x51b8</load_address>
         <run_address>0x51b8</run_address>
         <size>0x34</size>
         <input_file_ref idref="fl-147"/>
      </object_component>
      <object_component id="oc-27c">
         <name>.text</name>
         <load_address>0x51ec</load_address>
         <run_address>0x51ec</run_address>
         <size>0x30</size>
         <input_file_ref idref="fl-153"/>
      </object_component>
      <object_component id="oc-1d4">
         <name>.text</name>
         <load_address>0x521c</load_address>
         <run_address>0x521c</run_address>
         <size>0x2e</size>
         <input_file_ref idref="fl-169"/>
      </object_component>
      <object_component id="oc-1e5">
         <name>.text</name>
         <load_address>0x524a</load_address>
         <run_address>0x524a</run_address>
         <size>0x1a</size>
         <input_file_ref idref="fl-16c"/>
      </object_component>
      <object_component id="oc-4b">
         <name>.text</name>
         <load_address>0x5264</load_address>
         <run_address>0x5264</run_address>
         <size>0x18</size>
         <input_file_ref idref="fl-15a"/>
      </object_component>
      <object_component id="oc-1b7">
         <name>.text</name>
         <load_address>0x527c</load_address>
         <run_address>0x527c</run_address>
         <size>0x18</size>
         <input_file_ref idref="fl-16a"/>
      </object_component>
      <object_component id="oc-272">
         <name>.text</name>
         <load_address>0x5294</load_address>
         <run_address>0x5294</run_address>
         <size>0x18</size>
         <input_file_ref idref="fl-152"/>
      </object_component>
      <object_component id="oc-1ac">
         <name>.text</name>
         <load_address>0x52ac</load_address>
         <run_address>0x52ac</run_address>
         <size>0x16</size>
         <input_file_ref idref="fl-16d"/>
      </object_component>
      <object_component id="oc-277">
         <name>.text</name>
         <load_address>0x52c2</load_address>
         <run_address>0x52c2</run_address>
         <size>0x16</size>
         <input_file_ref idref="fl-151"/>
      </object_component>
      <object_component id="oc-18a">
         <name>.text</name>
         <load_address>0x52d8</load_address>
         <run_address>0x52d8</run_address>
         <size>0x14</size>
         <input_file_ref idref="fl-158"/>
      </object_component>
      <object_component id="oc-1a7">
         <name>.text</name>
         <load_address>0x52ec</load_address>
         <run_address>0x52ec</run_address>
         <size>0x14</size>
         <input_file_ref idref="fl-171"/>
      </object_component>
      <object_component id="oc-19">
         <name>.text:decompress:ZI</name>
         <load_address>0x5300</load_address>
         <run_address>0x5300</run_address>
         <size>0x12</size>
         <input_file_ref idref="fl-14a"/>
      </object_component>
      <object_component id="oc-335">
         <name>.text</name>
         <load_address>0x5312</load_address>
         <run_address>0x5312</run_address>
         <size>0x12</size>
         <input_file_ref idref="fl-170"/>
      </object_component>
      <object_component id="oc-14">
         <name>.text:decompress:none</name>
         <load_address>0x5324</load_address>
         <run_address>0x5324</run_address>
         <size>0xe</size>
         <input_file_ref idref="fl-148"/>
      </object_component>
      <object_component id="oc-1e0">
         <name>.text</name>
         <load_address>0x5332</load_address>
         <run_address>0x5332</run_address>
         <size>0xe</size>
         <input_file_ref idref="fl-173"/>
      </object_component>
      <object_component id="oc-1e">
         <name>.text:decompress:rle24</name>
         <load_address>0x5340</load_address>
         <run_address>0x5340</run_address>
         <size>0x6</size>
         <input_file_ref idref="fl-149"/>
      </object_component>
      <object_component id="oc-2a6">
         <name>.const:.string:_ctypes_</name>
         <load_address>0x5348</load_address>
         <run_address>0x5348</run_address>
         <size>0x102</size>
         <input_file_ref idref="fl-15e"/>
      </object_component>
      <object_component id="oc-c7">
         <name>.const</name>
         <load_address>0x544c</load_address>
         <run_address>0x544c</run_address>
         <size>0x28</size>
         <input_file_ref idref="fl-f"/>
      </object_component>
      <object_component id="oc-231">
         <name>.const</name>
         <load_address>0x5474</load_address>
         <run_address>0x5474</run_address>
         <size>0x20</size>
         <input_file_ref idref="fl-7"/>
      </object_component>
      <object_component id="oc-22f">
         <name>.const</name>
         <load_address>0x5494</load_address>
         <run_address>0x5494</run_address>
         <size>0x14</size>
         <input_file_ref idref="fl-10"/>
      </object_component>
      <object_component id="oc-c5">
         <name>.const</name>
         <load_address>0x54a8</load_address>
         <run_address>0x54a8</run_address>
         <size>0x8</size>
         <input_file_ref idref="fl-5"/>
      </object_component>
      <object_component id="oc-37c">
         <name>.cinit..data.load</name>
         <load_address>0x54b0</load_address>
         <run_address>0x54b0</run_address>
         <size>0x9d</size>
      </object_component>
      <object_component id="oc-37a">
         <name>__TI_handler_table</name>
         <load_address>0x5550</load_address>
         <run_address>0x5550</run_address>
         <size>0xc</size>
      </object_component>
      <object_component id="oc-37d">
         <name>.cinit..bss.load</name>
         <load_address>0x5560</load_address>
         <run_address>0x5560</run_address>
         <size>0x8</size>
      </object_component>
      <object_component id="oc-37b">
         <name>__TI_cinit_table</name>
         <load_address>0x5568</load_address>
         <run_address>0x5568</run_address>
         <size>0x10</size>
      </object_component>
      <object_component id="oc-55">
         <name>.data</name>
         <load_address>0x20001084</load_address>
         <run_address>0x20001084</run_address>
         <size>0x4</size>
         <input_file_ref idref="fl-150"/>
      </object_component>
      <object_component id="oc-8e">
         <name>.data</name>
         <load_address>0x2000107c</load_address>
         <run_address>0x2000107c</run_address>
         <size>0x4</size>
         <input_file_ref idref="fl-12"/>
      </object_component>
      <object_component id="oc-9e">
         <name>.data:railsystem</name>
         <load_address>0x20000fb0</load_address>
         <run_address>0x20000fb0</run_address>
         <size>0x80</size>
         <input_file_ref idref="fl-9"/>
      </object_component>
      <object_component id="oc-e0">
         <name>.data</name>
         <load_address>0x2000106c</load_address>
         <run_address>0x2000106c</run_address>
         <size>0x8</size>
         <input_file_ref idref="fl-158"/>
      </object_component>
      <object_component id="oc-e2">
         <name>.data</name>
         <load_address>0x20001074</load_address>
         <run_address>0x20001074</run_address>
         <size>0x8</size>
         <input_file_ref idref="fl-14b"/>
      </object_component>
      <object_component id="oc-115">
         <name>.data:_ftable</name>
         <load_address>0x20000df0</load_address>
         <run_address>0x20000df0</run_address>
         <size>0xf0</size>
         <input_file_ref idref="fl-15f"/>
      </object_component>
      <object_component id="oc-161">
         <name>.data</name>
         <load_address>0x20001060</load_address>
         <run_address>0x20001060</run_address>
         <size>0xa</size>
         <input_file_ref idref="fl-6"/>
      </object_component>
      <object_component id="oc-165">
         <name>.data</name>
         <load_address>0x20001030</load_address>
         <run_address>0x20001030</run_address>
         <size>0x14</size>
         <input_file_ref idref="fl-11"/>
      </object_component>
      <object_component id="oc-26e">
         <name>.data</name>
         <load_address>0x20001044</load_address>
         <run_address>0x20001044</run_address>
         <size>0x10</size>
         <input_file_ref idref="fl-15f"/>
      </object_component>
      <object_component id="oc-281">
         <name>.data</name>
         <load_address>0x20000ee0</load_address>
         <run_address>0x20000ee0</run_address>
         <size>0xd0</size>
         <input_file_ref idref="fl-14d"/>
      </object_component>
      <object_component id="oc-31d">
         <name>.data</name>
         <load_address>0x20001054</load_address>
         <run_address>0x20001054</run_address>
         <size>0xc</size>
         <input_file_ref idref="fl-176"/>
      </object_component>
      <object_component id="oc-325">
         <name>.data</name>
         <load_address>0x20001080</load_address>
         <run_address>0x20001080</run_address>
         <size>0x4</size>
         <input_file_ref idref="fl-175"/>
      </object_component>
      <object_component id="oc-147">
         <name>.bss:memory_management</name>
         <uninitialized>true</uninitialized>
         <run_address>0x20000000</run_address>
         <size>0x3e0</size>
         <input_file_ref idref="fl-c"/>
      </object_component>
      <object_component id="oc-348">
         <name>.bss:__TI_tmpnams</name>
         <uninitialized>true</uninitialized>
         <run_address>0x20000500</run_address>
         <size>0xa0</size>
         <input_file_ref idref="fl-15f"/>
      </object_component>
      <object_component id="oc-34e">
         <name>.bss:__CIOBUF_</name>
         <uninitialized>true</uninitialized>
         <run_address>0x200003e0</run_address>
         <size>0x120</size>
         <input_file_ref idref="fl-155"/>
      </object_component>
      <object_component id="oc-af">
         <name>.common:Data_RX</name>
         <uninitialized>true</uninitialized>
         <run_address>0x200005ec</run_address>
         <size>0x1</size>
      </object_component>
      <object_component id="oc-ad">
         <name>.common:buffer_TX</name>
         <uninitialized>true</uninitialized>
         <run_address>0x200005c4</run_address>
         <size>0x4</size>
      </object_component>
      <object_component id="oc-150">
         <name>.common:memory_control</name>
         <uninitialized>true</uninitialized>
         <run_address>0x200005a0</run_address>
         <size>0x14</size>
      </object_component>
      <object_component id="oc-181">
         <name>.common:next_hs</name>
         <uninitialized>true</uninitialized>
         <run_address>0x200005d8</run_address>
         <size>0x4</size>
      </object_component>
      <object_component id="oc-126">
         <name>.common:array</name>
         <uninitialized>true</uninitialized>
         <run_address>0x200005c0</run_address>
         <size>0x4</size>
      </object_component>
      <object_component id="oc-123">
         <name>.common:head</name>
         <uninitialized>true</uninitialized>
         <run_address>0x200005d4</run_address>
         <size>0x4</size>
      </object_component>
      <object_component id="oc-125">
         <name>.common:tail</name>
         <uninitialized>true</uninitialized>
         <run_address>0x200005e8</run_address>
         <size>0x4</size>
      </object_component>
      <object_component id="oc-13d">
         <name>.common:ManagementOfQueues</name>
         <uninitialized>true</uninitialized>
         <run_address>0x200005bc</run_address>
         <size>0x4</size>
      </object_component>
      <object_component id="oc-13b">
         <name>.common:pID</name>
         <uninitialized>true</uninitialized>
         <run_address>0x200005dc</run_address>
         <size>0x4</size>
      </object_component>
      <object_component id="oc-13c">
         <name>.common:running</name>
         <uninitialized>true</uninitialized>
         <run_address>0x200005e0</run_address>
         <size>0x4</size>
      </object_component>
      <object_component id="oc-a0">
         <name>.common:status$1</name>
         <uninitialized>true</uninitialized>
         <run_address>0x200005e4</run_address>
         <size>0x4</size>
      </object_component>
      <object_component id="oc-154">
         <name>.common:clock_TX</name>
         <uninitialized>true</uninitialized>
         <run_address>0x200005cc</run_address>
         <size>0x4</size>
      </object_component>
      <object_component id="oc-158">
         <name>.common:clock_length</name>
         <uninitialized>true</uninitialized>
         <run_address>0x200005d0</run_address>
         <size>0x4</size>
      </object_component>
      <object_component id="oc-156">
         <name>.common:current_state</name>
         <uninitialized>true</uninitialized>
         <run_address>0x200005ed</run_address>
         <size>0x1</size>
      </object_component>
      <object_component id="oc-157">
         <name>.common:char_input</name>
         <uninitialized>true</uninitialized>
         <run_address>0x200005c8</run_address>
         <size>0x4</size>
      </object_component>
      <object_component id="oc-33a">
         <name>.common:parmbuf</name>
         <uninitialized>true</uninitialized>
         <run_address>0x200005b4</run_address>
         <size>0x8</size>
      </object_component>
      <object_component id="oc-24">
         <name>.sysmem</name>
         <uninitialized>true</uninitialized>
         <run_address>0x200009f0</run_address>
         <size>0x8</size>
         <input_file_ref idref="fl-176"/>
      </object_component>
      <object_component id="oc-37f">
         <name>.sysmem</name>
         <uninitialized>true</uninitialized>
         <run_address>0x200009f0</run_address>
         <size>0x0</size>
      </object_component>
      <object_component id="oc-23">
         <name>.stack</name>
         <uninitialized>true</uninitialized>
         <run_address>0x200005f0</run_address>
         <size>0x0</size>
         <input_file_ref idref="fl-147"/>
      </object_component>
      <object_component id="oc-37e">
         <name>.stack</name>
         <uninitialized>true</uninitialized>
         <run_address>0x200005f0</run_address>
         <size>0x0</size>
      </object_component>
      <object_component id="oc-f">
         <name>.debug_info</name>
         <load_address>0x0</load_address>
         <run_address>0x0</run_address>
         <size>0xcd</size>
         <input_file_ref idref="fl-e"/>
      </object_component>
      <object_component id="oc-11">
         <name>.debug_info</name>
         <load_address>0xcd</load_address>
         <run_address>0xcd</run_address>
         <size>0xf3</size>
         <input_file_ref idref="fl-147"/>
      </object_component>
      <object_component id="oc-15">
         <name>.debug_info</name>
         <load_address>0x1c0</load_address>
         <run_address>0x1c0</run_address>
         <size>0x194</size>
         <input_file_ref idref="fl-148"/>
      </object_component>
      <object_component id="oc-1a">
         <name>.debug_info</name>
         <load_address>0x354</load_address>
         <run_address>0x354</run_address>
         <size>0x16a</size>
         <input_file_ref idref="fl-14a"/>
      </object_component>
      <object_component id="oc-1f">
         <name>.debug_info</name>
         <load_address>0x4be</load_address>
         <run_address>0x4be</run_address>
         <size>0x18e</size>
         <input_file_ref idref="fl-149"/>
      </object_component>
      <object_component id="oc-25">
         <name>.debug_info</name>
         <load_address>0x64c</load_address>
         <run_address>0x64c</run_address>
         <size>0xb6</size>
         <input_file_ref idref="fl-176"/>
      </object_component>
      <object_component id="oc-29">
         <name>.debug_info</name>
         <load_address>0x702</load_address>
         <run_address>0x702</run_address>
         <size>0x256</size>
         <input_file_ref idref="fl-e"/>
      </object_component>
      <object_component id="oc-2c">
         <name>.debug_info</name>
         <load_address>0x958</load_address>
         <run_address>0x958</run_address>
         <size>0x206</size>
         <input_file_ref idref="fl-12"/>
      </object_component>
      <object_component id="oc-31">
         <name>.debug_info</name>
         <load_address>0xb5e</load_address>
         <run_address>0xb5e</run_address>
         <size>0x2e3</size>
         <input_file_ref idref="fl-15"/>
      </object_component>
      <object_component id="oc-39">
         <name>.debug_info</name>
         <load_address>0xe41</load_address>
         <run_address>0xe41</run_address>
         <size>0x17c</size>
         <input_file_ref idref="fl-4"/>
      </object_component>
      <object_component id="oc-3b">
         <name>.debug_info</name>
         <load_address>0xfbd</load_address>
         <run_address>0xfbd</run_address>
         <size>0x4b1</size>
         <input_file_ref idref="fl-2"/>
      </object_component>
      <object_component id="oc-40">
         <name>.debug_info</name>
         <load_address>0x146e</load_address>
         <run_address>0x146e</run_address>
         <size>0x341</size>
         <input_file_ref idref="fl-f"/>
      </object_component>
      <object_component id="oc-46">
         <name>.debug_info</name>
         <load_address>0x17af</load_address>
         <run_address>0x17af</run_address>
         <size>0x1ce</size>
         <input_file_ref idref="fl-e"/>
      </object_component>
      <object_component id="oc-48">
         <name>.debug_info</name>
         <load_address>0x197d</load_address>
         <run_address>0x197d</run_address>
         <size>0x13d</size>
         <input_file_ref idref="fl-15c"/>
      </object_component>
      <object_component id="oc-4c">
         <name>.debug_info</name>
         <load_address>0x1aba</load_address>
         <run_address>0x1aba</run_address>
         <size>0x11c</size>
         <input_file_ref idref="fl-15a"/>
      </object_component>
      <object_component id="oc-53">
         <name>.debug_info</name>
         <load_address>0x1bd6</load_address>
         <run_address>0x1bd6</run_address>
         <size>0x1c2</size>
         <input_file_ref idref="fl-14b"/>
      </object_component>
      <object_component id="oc-56">
         <name>.debug_info</name>
         <load_address>0x1d98</load_address>
         <run_address>0x1d98</run_address>
         <size>0xbe</size>
         <input_file_ref idref="fl-150"/>
      </object_component>
      <object_component id="oc-59">
         <name>.debug_info</name>
         <load_address>0x1e56</load_address>
         <run_address>0x1e56</run_address>
         <size>0xcc</size>
         <input_file_ref idref="fl-14e"/>
      </object_component>
      <object_component id="oc-5d">
         <name>.debug_info</name>
         <load_address>0x1f22</load_address>
         <run_address>0x1f22</run_address>
         <size>0x46</size>
         <input_file_ref idref="fl-148"/>
      </object_component>
      <object_component id="oc-62">
         <name>.debug_info</name>
         <load_address>0x1f68</load_address>
         <run_address>0x1f68</run_address>
         <size>0xf2</size>
         <input_file_ref idref="fl-148"/>
      </object_component>
      <object_component id="oc-64">
         <name>.debug_info</name>
         <load_address>0x205a</load_address>
         <run_address>0x205a</run_address>
         <size>0x46</size>
         <input_file_ref idref="fl-14a"/>
      </object_component>
      <object_component id="oc-69">
         <name>.debug_info</name>
         <load_address>0x20a0</load_address>
         <run_address>0x20a0</run_address>
         <size>0xad</size>
         <input_file_ref idref="fl-14a"/>
      </object_component>
      <object_component id="oc-6b">
         <name>.debug_info</name>
         <load_address>0x214d</load_address>
         <run_address>0x214d</run_address>
         <size>0x1ef</size>
         <input_file_ref idref="fl-149"/>
      </object_component>
      <object_component id="oc-70">
         <name>.debug_info</name>
         <load_address>0x233c</load_address>
         <run_address>0x233c</run_address>
         <size>0xb7</size>
         <input_file_ref idref="fl-149"/>
      </object_component>
      <object_component id="oc-71">
         <name>.debug_info</name>
         <load_address>0x23f3</load_address>
         <run_address>0x23f3</run_address>
         <size>0x39</size>
         <input_file_ref idref="fl-149"/>
      </object_component>
      <object_component id="oc-78">
         <name>.debug_info</name>
         <load_address>0x242c</load_address>
         <run_address>0x242c</run_address>
         <size>0x1d7</size>
         <input_file_ref idref="fl-176"/>
      </object_component>
      <object_component id="oc-7c">
         <name>.debug_info</name>
         <load_address>0x2603</load_address>
         <run_address>0x2603</run_address>
         <size>0x26d</size>
         <input_file_ref idref="fl-14f"/>
      </object_component>
      <object_component id="oc-81">
         <name>.debug_info</name>
         <load_address>0x2870</load_address>
         <run_address>0x2870</run_address>
         <size>0x441</size>
         <input_file_ref idref="fl-a"/>
      </object_component>
      <object_component id="oc-85">
         <name>.debug_info</name>
         <load_address>0x2cb1</load_address>
         <run_address>0x2cb1</run_address>
         <size>0x46d</size>
         <input_file_ref idref="fl-16"/>
      </object_component>
      <object_component id="oc-8a">
         <name>.debug_info</name>
         <load_address>0x311e</load_address>
         <run_address>0x311e</run_address>
         <size>0x302</size>
         <input_file_ref idref="fl-13"/>
      </object_component>
      <object_component id="oc-90">
         <name>.debug_info</name>
         <load_address>0x3420</load_address>
         <run_address>0x3420</run_address>
         <size>0x22c</size>
         <input_file_ref idref="fl-14"/>
      </object_component>
      <object_component id="oc-92">
         <name>.debug_info</name>
         <load_address>0x364c</load_address>
         <run_address>0x364c</run_address>
         <size>0x84</size>
         <input_file_ref idref="fl-2"/>
      </object_component>
      <object_component id="oc-97">
         <name>.debug_info</name>
         <load_address>0x36d0</load_address>
         <run_address>0x36d0</run_address>
         <size>0x1d9</size>
         <input_file_ref idref="fl-12"/>
      </object_component>
      <object_component id="oc-9a">
         <name>.debug_info</name>
         <load_address>0x38a9</load_address>
         <run_address>0x38a9</run_address>
         <size>0x46c</size>
         <input_file_ref idref="fl-14"/>
      </object_component>
      <object_component id="oc-9f">
         <name>.debug_info</name>
         <load_address>0x3d15</load_address>
         <run_address>0x3d15</run_address>
         <size>0xbf</size>
         <input_file_ref idref="fl-9"/>
      </object_component>
      <object_component id="oc-a2">
         <name>.debug_info</name>
         <load_address>0x3dd4</load_address>
         <run_address>0x3dd4</run_address>
         <size>0x2c</size>
         <input_file_ref idref="fl-2"/>
      </object_component>
      <object_component id="oc-a9">
         <name>.debug_info</name>
         <load_address>0x3e00</load_address>
         <run_address>0x3e00</run_address>
         <size>0x4cd</size>
         <input_file_ref idref="fl-c"/>
      </object_component>
      <object_component id="oc-ae">
         <name>.debug_info</name>
         <load_address>0x42cd</load_address>
         <run_address>0x42cd</run_address>
         <size>0x1c2</size>
         <input_file_ref idref="fl-2"/>
      </object_component>
      <object_component id="oc-b1">
         <name>.debug_info</name>
         <load_address>0x448f</load_address>
         <run_address>0x448f</run_address>
         <size>0x401</size>
         <input_file_ref idref="fl-19"/>
      </object_component>
      <object_component id="oc-b7">
         <name>.debug_info</name>
         <load_address>0x4890</load_address>
         <run_address>0x4890</run_address>
         <size>0xae1</size>
         <input_file_ref idref="fl-b"/>
      </object_component>
      <object_component id="oc-bc">
         <name>.debug_info</name>
         <load_address>0x5371</load_address>
         <run_address>0x5371</run_address>
         <size>0xcb4</size>
         <input_file_ref idref="fl-18"/>
      </object_component>
      <object_component id="oc-c2">
         <name>.debug_info</name>
         <load_address>0x6025</load_address>
         <run_address>0x6025</run_address>
         <size>0x54d</size>
         <input_file_ref idref="fl-11"/>
      </object_component>
      <object_component id="oc-c6">
         <name>.debug_info</name>
         <load_address>0x6572</load_address>
         <run_address>0x6572</run_address>
         <size>0xef</size>
         <input_file_ref idref="fl-5"/>
      </object_component>
      <object_component id="oc-c8">
         <name>.debug_info</name>
         <load_address>0x6661</load_address>
         <run_address>0x6661</run_address>
         <size>0x26b</size>
         <input_file_ref idref="fl-f"/>
      </object_component>
      <object_component id="oc-ca">
         <name>.debug_info</name>
         <load_address>0x68cc</load_address>
         <run_address>0x68cc</run_address>
         <size>0x3a6</size>
         <input_file_ref idref="fl-f"/>
      </object_component>
      <object_component id="oc-ce">
         <name>.debug_info</name>
         <load_address>0x6c72</load_address>
         <run_address>0x6c72</run_address>
         <size>0x18b</size>
         <input_file_ref idref="fl-e"/>
      </object_component>
      <object_component id="oc-d7">
         <name>.debug_info</name>
         <load_address>0x6dfd</load_address>
         <run_address>0x6dfd</run_address>
         <size>0x14b</size>
         <input_file_ref idref="fl-15d"/>
      </object_component>
      <object_component id="oc-da">
         <name>.debug_info</name>
         <load_address>0x6f48</load_address>
         <run_address>0x6f48</run_address>
         <size>0x307</size>
         <input_file_ref idref="fl-d"/>
      </object_component>
      <object_component id="oc-df">
         <name>.debug_info</name>
         <load_address>0x724f</load_address>
         <run_address>0x724f</run_address>
         <size>0x11b</size>
         <input_file_ref idref="fl-15a"/>
      </object_component>
      <object_component id="oc-e1">
         <name>.debug_info</name>
         <load_address>0x736a</load_address>
         <run_address>0x736a</run_address>
         <size>0xc8</size>
         <input_file_ref idref="fl-158"/>
      </object_component>
      <object_component id="oc-e3">
         <name>.debug_info</name>
         <load_address>0x7432</load_address>
         <run_address>0x7432</run_address>
         <size>0xeb</size>
         <input_file_ref idref="fl-14b"/>
      </object_component>
      <object_component id="oc-e5">
         <name>.debug_info</name>
         <load_address>0x751d</load_address>
         <run_address>0x751d</run_address>
         <size>0x146</size>
         <input_file_ref idref="fl-14b"/>
      </object_component>
      <object_component id="oc-e9">
         <name>.debug_info</name>
         <load_address>0x7663</load_address>
         <run_address>0x7663</run_address>
         <size>0x2c</size>
         <input_file_ref idref="fl-148"/>
      </object_component>
      <object_component id="oc-f0">
         <name>.debug_info</name>
         <load_address>0x768f</load_address>
         <run_address>0x768f</run_address>
         <size>0x2c</size>
         <input_file_ref idref="fl-14a"/>
      </object_component>
      <object_component id="oc-fc">
         <name>.debug_info</name>
         <load_address>0x76bb</load_address>
         <run_address>0x76bb</run_address>
         <size>0x2c</size>
         <input_file_ref idref="fl-175"/>
      </object_component>
      <object_component id="oc-101">
         <name>.debug_info</name>
         <load_address>0x76e7</load_address>
         <run_address>0x76e7</run_address>
         <size>0x62</size>
         <input_file_ref idref="fl-176"/>
      </object_component>
      <object_component id="oc-109">
         <name>.debug_info</name>
         <load_address>0x7749</load_address>
         <run_address>0x7749</run_address>
         <size>0x286</size>
         <input_file_ref idref="fl-166"/>
      </object_component>
      <object_component id="oc-10d">
         <name>.debug_info</name>
         <load_address>0x79cf</load_address>
         <run_address>0x79cf</run_address>
         <size>0x31f</size>
         <input_file_ref idref="fl-167"/>
      </object_component>
      <object_component id="oc-113">
         <name>.debug_info</name>
         <load_address>0x7cee</load_address>
         <run_address>0x7cee</run_address>
         <size>0x128e</size>
         <input_file_ref idref="fl-159"/>
      </object_component>
      <object_component id="oc-116">
         <name>.debug_info</name>
         <load_address>0x8f7c</load_address>
         <run_address>0x8f7c</run_address>
         <size>0xac</size>
         <input_file_ref idref="fl-15f"/>
      </object_component>
      <object_component id="oc-118">
         <name>.debug_info</name>
         <load_address>0x9028</load_address>
         <run_address>0x9028</run_address>
         <size>0x1eb</size>
         <input_file_ref idref="fl-14f"/>
      </object_component>
      <object_component id="oc-119">
         <name>.debug_info</name>
         <load_address>0x9213</load_address>
         <run_address>0x9213</run_address>
         <size>0x4e</size>
         <input_file_ref idref="fl-2"/>
      </object_component>
      <object_component id="oc-11f">
         <name>.debug_info</name>
         <load_address>0x9261</load_address>
         <run_address>0x9261</run_address>
         <size>0xbf</size>
         <input_file_ref idref="fl-a"/>
      </object_component>
      <object_component id="oc-122">
         <name>.debug_info</name>
         <load_address>0x9320</load_address>
         <run_address>0x9320</run_address>
         <size>0x1a0</size>
         <input_file_ref idref="fl-16"/>
      </object_component>
      <object_component id="oc-124">
         <name>.debug_info</name>
         <load_address>0x94c0</load_address>
         <run_address>0x94c0</run_address>
         <size>0x16a</size>
         <input_file_ref idref="fl-13"/>
      </object_component>
      <object_component id="oc-12a">
         <name>.debug_info</name>
         <load_address>0x962a</load_address>
         <run_address>0x962a</run_address>
         <size>0x8b</size>
         <input_file_ref idref="fl-d"/>
      </object_component>
      <object_component id="oc-12f">
         <name>.debug_info</name>
         <load_address>0x96b5</load_address>
         <run_address>0x96b5</run_address>
         <size>0x1df</size>
         <input_file_ref idref="fl-d"/>
      </object_component>
      <object_component id="oc-136">
         <name>.debug_info</name>
         <load_address>0x9894</load_address>
         <run_address>0x9894</run_address>
         <size>0xb8</size>
         <input_file_ref idref="fl-3"/>
      </object_component>
      <object_component id="oc-13f">
         <name>.debug_info</name>
         <load_address>0x994c</load_address>
         <run_address>0x994c</run_address>
         <size>0x2c2</size>
         <input_file_ref idref="fl-17"/>
      </object_component>
      <object_component id="oc-146">
         <name>.debug_info</name>
         <load_address>0x9c0e</load_address>
         <run_address>0x9c0e</run_address>
         <size>0x10c</size>
         <input_file_ref idref="fl-9"/>
      </object_component>
      <object_component id="oc-148">
         <name>.debug_info</name>
         <load_address>0x9d1a</load_address>
         <run_address>0x9d1a</run_address>
         <size>0xc9</size>
         <input_file_ref idref="fl-c"/>
      </object_component>
      <object_component id="oc-14a">
         <name>.debug_info</name>
         <load_address>0x9de3</load_address>
         <run_address>0x9de3</run_address>
         <size>0x169</size>
         <input_file_ref idref="fl-c"/>
      </object_component>
      <object_component id="oc-155">
         <name>.debug_info</name>
         <load_address>0x9f4c</load_address>
         <run_address>0x9f4c</run_address>
         <size>0x347</size>
         <input_file_ref idref="fl-19"/>
      </object_component>
      <object_component id="oc-15c">
         <name>.debug_info</name>
         <load_address>0xa293</load_address>
         <run_address>0xa293</run_address>
         <size>0x24f</size>
         <input_file_ref idref="fl-7"/>
      </object_component>
      <object_component id="oc-160">
         <name>.debug_info</name>
         <load_address>0xa4e2</load_address>
         <run_address>0xa4e2</run_address>
         <size>0x1d7</size>
         <input_file_ref idref="fl-b"/>
      </object_component>
      <object_component id="oc-162">
         <name>.debug_info</name>
         <load_address>0xa6b9</load_address>
         <run_address>0xa6b9</run_address>
         <size>0xaf</size>
         <input_file_ref idref="fl-6"/>
      </object_component>
      <object_component id="oc-164">
         <name>.debug_info</name>
         <load_address>0xa768</load_address>
         <run_address>0xa768</run_address>
         <size>0x212</size>
         <input_file_ref idref="fl-18"/>
      </object_component>
      <object_component id="oc-166">
         <name>.debug_info</name>
         <load_address>0xa97a</load_address>
         <run_address>0xa97a</run_address>
         <size>0x182</size>
         <input_file_ref idref="fl-11"/>
      </object_component>
      <object_component id="oc-168">
         <name>.debug_info</name>
         <load_address>0xaafc</load_address>
         <run_address>0xaafc</run_address>
         <size>0xfe</size>
         <input_file_ref idref="fl-11"/>
      </object_component>
      <object_component id="oc-16b">
         <name>.debug_info</name>
         <load_address>0xabfa</load_address>
         <run_address>0xabfa</run_address>
         <size>0xb5</size>
         <input_file_ref idref="fl-5"/>
      </object_component>
      <object_component id="oc-170">
         <name>.debug_info</name>
         <load_address>0xacaf</load_address>
         <run_address>0xacaf</run_address>
         <size>0x2e7</size>
         <input_file_ref idref="fl-d"/>
      </object_component>
      <object_component id="oc-175">
         <name>.debug_info</name>
         <load_address>0xaf96</load_address>
         <run_address>0xaf96</run_address>
         <size>0x419</size>
         <input_file_ref idref="fl-7"/>
      </object_component>
      <object_component id="oc-17b">
         <name>.debug_info</name>
         <load_address>0xb3af</load_address>
         <run_address>0xb3af</run_address>
         <size>0x148</size>
         <input_file_ref idref="fl-15d"/>
      </object_component>
      <object_component id="oc-17d">
         <name>.debug_info</name>
         <load_address>0xb4f7</load_address>
         <run_address>0xb4f7</run_address>
         <size>0x239</size>
         <input_file_ref idref="fl-14c"/>
      </object_component>
      <object_component id="oc-185">
         <name>.debug_info</name>
         <load_address>0xb730</load_address>
         <run_address>0xb730</run_address>
         <size>0x5e</size>
         <input_file_ref idref="fl-15a"/>
      </object_component>
      <object_component id="oc-18b">
         <name>.debug_info</name>
         <load_address>0xb78e</load_address>
         <run_address>0xb78e</run_address>
         <size>0x1d4</size>
         <input_file_ref idref="fl-158"/>
      </object_component>
      <object_component id="oc-191">
         <name>.debug_info</name>
         <load_address>0xb962</load_address>
         <run_address>0xb962</run_address>
         <size>0xd9</size>
         <input_file_ref idref="fl-158"/>
      </object_component>
      <object_component id="oc-199">
         <name>.debug_info</name>
         <load_address>0xba3b</load_address>
         <run_address>0xba3b</run_address>
         <size>0x1e5</size>
         <input_file_ref idref="fl-157"/>
      </object_component>
      <object_component id="oc-19d">
         <name>.debug_info</name>
         <load_address>0xbc20</load_address>
         <run_address>0xbc20</run_address>
         <size>0x20f</size>
         <input_file_ref idref="fl-165"/>
      </object_component>
      <object_component id="oc-1a2">
         <name>.debug_info</name>
         <load_address>0xbe2f</load_address>
         <run_address>0xbe2f</run_address>
         <size>0xb71</size>
         <input_file_ref idref="fl-14d"/>
      </object_component>
      <object_component id="oc-1a6">
         <name>.debug_info</name>
         <load_address>0xc9a0</load_address>
         <run_address>0xc9a0</run_address>
         <size>0x193</size>
         <input_file_ref idref="fl-166"/>
      </object_component>
      <object_component id="oc-1a8">
         <name>.debug_info</name>
         <load_address>0xcb33</load_address>
         <run_address>0xcb33</run_address>
         <size>0x153</size>
         <input_file_ref idref="fl-171"/>
      </object_component>
      <object_component id="oc-1af">
         <name>.debug_info</name>
         <load_address>0xcc86</load_address>
         <run_address>0xcc86</run_address>
         <size>0x16b</size>
         <input_file_ref idref="fl-16d"/>
      </object_component>
      <object_component id="oc-1b2">
         <name>.debug_info</name>
         <load_address>0xcdf1</load_address>
         <run_address>0xcdf1</run_address>
         <size>0x224</size>
         <input_file_ref idref="fl-167"/>
      </object_component>
      <object_component id="oc-1b4">
         <name>.debug_info</name>
         <load_address>0xd015</load_address>
         <run_address>0xd015</run_address>
         <size>0x13a</size>
         <input_file_ref idref="fl-172"/>
      </object_component>
      <object_component id="oc-1ba">
         <name>.debug_info</name>
         <load_address>0xd14f</load_address>
         <run_address>0xd14f</run_address>
         <size>0xd5</size>
         <input_file_ref idref="fl-16a"/>
      </object_component>
      <object_component id="oc-1bd">
         <name>.debug_info</name>
         <load_address>0xd224</load_address>
         <run_address>0xd224</run_address>
         <size>0xdb</size>
         <input_file_ref idref="fl-161"/>
      </object_component>
      <object_component id="oc-1c2">
         <name>.debug_info</name>
         <load_address>0xd2ff</load_address>
         <run_address>0xd2ff</run_address>
         <size>0xed</size>
         <input_file_ref idref="fl-163"/>
      </object_component>
      <object_component id="oc-1c6">
         <name>.debug_info</name>
         <load_address>0xd3ec</load_address>
         <run_address>0xd3ec</run_address>
         <size>0xed</size>
         <input_file_ref idref="fl-162"/>
      </object_component>
      <object_component id="oc-1ca">
         <name>.debug_info</name>
         <load_address>0xd4d9</load_address>
         <run_address>0xd4d9</run_address>
         <size>0xdd</size>
         <input_file_ref idref="fl-161"/>
      </object_component>
      <object_component id="oc-1cd">
         <name>.debug_info</name>
         <load_address>0xd5b6</load_address>
         <run_address>0xd5b6</run_address>
         <size>0xe1</size>
         <input_file_ref idref="fl-164"/>
      </object_component>
      <object_component id="oc-1d1">
         <name>.debug_info</name>
         <load_address>0xd697</load_address>
         <run_address>0xd697</run_address>
         <size>0x177</size>
         <input_file_ref idref="fl-16b"/>
      </object_component>
      <object_component id="oc-1d5">
         <name>.debug_info</name>
         <load_address>0xd80e</load_address>
         <run_address>0xd80e</run_address>
         <size>0xdf</size>
         <input_file_ref idref="fl-169"/>
      </object_component>
      <object_component id="oc-1da">
         <name>.debug_info</name>
         <load_address>0xd8ed</load_address>
         <run_address>0xd8ed</run_address>
         <size>0xff</size>
         <input_file_ref idref="fl-160"/>
      </object_component>
      <object_component id="oc-1dd">
         <name>.debug_info</name>
         <load_address>0xd9ec</load_address>
         <run_address>0xd9ec</run_address>
         <size>0xfc</size>
         <input_file_ref idref="fl-16e"/>
      </object_component>
      <object_component id="oc-1e1">
         <name>.debug_info</name>
         <load_address>0xdae8</load_address>
         <run_address>0xdae8</run_address>
         <size>0x110</size>
         <input_file_ref idref="fl-173"/>
      </object_component>
      <object_component id="oc-1e8">
         <name>.debug_info</name>
         <load_address>0xdbf8</load_address>
         <run_address>0xdbf8</run_address>
         <size>0x160</size>
         <input_file_ref idref="fl-16c"/>
      </object_component>
      <object_component id="oc-1eb">
         <name>.debug_info</name>
         <load_address>0xdd58</load_address>
         <run_address>0xdd58</run_address>
         <size>0x126</size>
         <input_file_ref idref="fl-15b"/>
      </object_component>
      <object_component id="oc-1f0">
         <name>.debug_info</name>
         <load_address>0xde7e</load_address>
         <run_address>0xde7e</run_address>
         <size>0x26b</size>
         <input_file_ref idref="fl-159"/>
      </object_component>
      <object_component id="oc-1f1">
         <name>.debug_info</name>
         <load_address>0xe0e9</load_address>
         <run_address>0xe0e9</run_address>
         <size>0x86</size>
         <input_file_ref idref="fl-159"/>
      </object_component>
      <object_component id="oc-1f6">
         <name>.debug_info</name>
         <load_address>0xe16f</load_address>
         <run_address>0xe16f</run_address>
         <size>0x39</size>
         <input_file_ref idref="fl-159"/>
      </object_component>
      <object_component id="oc-1fd">
         <name>.debug_info</name>
         <load_address>0xe1a8</load_address>
         <run_address>0xe1a8</run_address>
         <size>0xc5</size>
         <input_file_ref idref="fl-15f"/>
      </object_component>
      <object_component id="oc-200">
         <name>.debug_info</name>
         <load_address>0xe26d</load_address>
         <run_address>0xe26d</run_address>
         <size>0xae</size>
         <input_file_ref idref="fl-14c"/>
      </object_component>
      <object_component id="oc-207">
         <name>.debug_info</name>
         <load_address>0xe31b</load_address>
         <run_address>0xe31b</run_address>
         <size>0x1df</size>
         <input_file_ref idref="fl-3"/>
      </object_component>
      <object_component id="oc-210">
         <name>.debug_info</name>
         <load_address>0xe4fa</load_address>
         <run_address>0xe4fa</run_address>
         <size>0x55</size>
         <input_file_ref idref="fl-2"/>
      </object_component>
      <object_component id="oc-215">
         <name>.debug_info</name>
         <load_address>0xe54f</load_address>
         <run_address>0xe54f</run_address>
         <size>0x39e</size>
         <input_file_ref idref="fl-d"/>
      </object_component>
      <object_component id="oc-217">
         <name>.debug_info</name>
         <load_address>0xe8ed</load_address>
         <run_address>0xe8ed</run_address>
         <size>0xef</size>
         <input_file_ref idref="fl-17"/>
      </object_component>
      <object_component id="oc-21a">
         <name>.debug_info</name>
         <load_address>0xe9dc</load_address>
         <run_address>0xe9dc</run_address>
         <size>0x10a</size>
         <input_file_ref idref="fl-3"/>
      </object_component>
      <object_component id="oc-225">
         <name>.debug_info</name>
         <load_address>0xeae6</load_address>
         <run_address>0xeae6</run_address>
         <size>0x3f</size>
         <input_file_ref idref="fl-2"/>
      </object_component>
      <object_component id="oc-22a">
         <name>.debug_info</name>
         <load_address>0xeb25</load_address>
         <run_address>0xeb25</run_address>
         <size>0xc7</size>
         <input_file_ref idref="fl-3"/>
      </object_component>
      <object_component id="oc-230">
         <name>.debug_info</name>
         <load_address>0xebec</load_address>
         <run_address>0xebec</run_address>
         <size>0x183</size>
         <input_file_ref idref="fl-10"/>
      </object_component>
      <object_component id="oc-232">
         <name>.debug_info</name>
         <load_address>0xed6f</load_address>
         <run_address>0xed6f</run_address>
         <size>0x1b7</size>
         <input_file_ref idref="fl-7"/>
      </object_component>
      <object_component id="oc-234">
         <name>.debug_info</name>
         <load_address>0xef26</load_address>
         <run_address>0xef26</run_address>
         <size>0x272</size>
         <input_file_ref idref="fl-7"/>
      </object_component>
      <object_component id="oc-237">
         <name>.debug_info</name>
         <load_address>0xf198</load_address>
         <run_address>0xf198</run_address>
         <size>0xa5</size>
         <input_file_ref idref="fl-b"/>
      </object_component>
      <object_component id="oc-23e">
         <name>.debug_info</name>
         <load_address>0xf23d</load_address>
         <run_address>0xf23d</run_address>
         <size>0x17a</size>
         <input_file_ref idref="fl-6"/>
      </object_component>
      <object_component id="oc-241">
         <name>.debug_info</name>
         <load_address>0xf3b7</load_address>
         <run_address>0xf3b7</run_address>
         <size>0x48</size>
         <input_file_ref idref="fl-6"/>
      </object_component>
      <object_component id="oc-24c">
         <name>.debug_info</name>
         <load_address>0xf3ff</load_address>
         <run_address>0xf3ff</run_address>
         <size>0x418</size>
         <input_file_ref idref="fl-5"/>
      </object_component>
      <object_component id="oc-253">
         <name>.debug_info</name>
         <load_address>0xf817</load_address>
         <run_address>0xf817</run_address>
         <size>0xcd</size>
         <input_file_ref idref="fl-15d"/>
      </object_component>
      <object_component id="oc-25a">
         <name>.debug_info</name>
         <load_address>0xf8e4</load_address>
         <run_address>0xf8e4</run_address>
         <size>0x18c</size>
         <input_file_ref idref="fl-156"/>
      </object_component>
      <object_component id="oc-25e">
         <name>.debug_info</name>
         <load_address>0xfa70</load_address>
         <run_address>0xfa70</run_address>
         <size>0x185</size>
         <input_file_ref idref="fl-14c"/>
      </object_component>
      <object_component id="oc-266">
         <name>.debug_info</name>
         <load_address>0xfbf5</load_address>
         <run_address>0xfbf5</run_address>
         <size>0x196</size>
         <input_file_ref idref="fl-168"/>
      </object_component>
      <object_component id="oc-26b">
         <name>.debug_info</name>
         <load_address>0xfd8b</load_address>
         <run_address>0xfd8b</run_address>
         <size>0x1b5</size>
         <input_file_ref idref="fl-16f"/>
      </object_component>
      <object_component id="oc-26d">
         <name>.debug_info</name>
         <load_address>0xff40</load_address>
         <run_address>0xff40</run_address>
         <size>0x106</size>
         <input_file_ref idref="fl-157"/>
      </object_component>
      <object_component id="oc-26f">
         <name>.debug_info</name>
         <load_address>0x10046</load_address>
         <run_address>0x10046</run_address>
         <size>0x139</size>
         <input_file_ref idref="fl-15f"/>
      </object_component>
      <object_component id="oc-271">
         <name>.debug_info</name>
         <load_address>0x1017f</load_address>
         <run_address>0x1017f</run_address>
         <size>0x157</size>
         <input_file_ref idref="fl-165"/>
      </object_component>
      <object_component id="oc-273">
         <name>.debug_info</name>
         <load_address>0x102d6</load_address>
         <run_address>0x102d6</run_address>
         <size>0x17e</size>
         <input_file_ref idref="fl-152"/>
      </object_component>
      <object_component id="oc-27b">
         <name>.debug_info</name>
         <load_address>0x10454</load_address>
         <run_address>0x10454</run_address>
         <size>0x16d</size>
         <input_file_ref idref="fl-151"/>
      </object_component>
      <object_component id="oc-280">
         <name>.debug_info</name>
         <load_address>0x105c1</load_address>
         <run_address>0x105c1</run_address>
         <size>0x182</size>
         <input_file_ref idref="fl-153"/>
      </object_component>
      <object_component id="oc-282">
         <name>.debug_info</name>
         <load_address>0x10743</load_address>
         <run_address>0x10743</run_address>
         <size>0xcb</size>
         <input_file_ref idref="fl-14d"/>
      </object_component>
      <object_component id="oc-284">
         <name>.debug_info</name>
         <load_address>0x1080e</load_address>
         <run_address>0x1080e</run_address>
         <size>0x45a</size>
         <input_file_ref idref="fl-14d"/>
      </object_component>
      <object_component id="oc-285">
         <name>.debug_info</name>
         <load_address>0x10c68</load_address>
         <run_address>0x10c68</run_address>
         <size>0x2c</size>
         <input_file_ref idref="fl-14d"/>
      </object_component>
      <object_component id="oc-28d">
         <name>.debug_info</name>
         <load_address>0x10c94</load_address>
         <run_address>0x10c94</run_address>
         <size>0x9f</size>
         <input_file_ref idref="fl-171"/>
      </object_component>
      <object_component id="oc-28f">
         <name>.debug_info</name>
         <load_address>0x10d33</load_address>
         <run_address>0x10d33</run_address>
         <size>0xb5</size>
         <input_file_ref idref="fl-16d"/>
      </object_component>
      <object_component id="oc-29a">
         <name>.debug_info</name>
         <load_address>0x10de8</load_address>
         <run_address>0x10de8</run_address>
         <size>0x101</size>
         <input_file_ref idref="fl-16b"/>
      </object_component>
      <object_component id="oc-29f">
         <name>.debug_info</name>
         <load_address>0x10ee9</load_address>
         <run_address>0x10ee9</run_address>
         <size>0x10f</size>
         <input_file_ref idref="fl-174"/>
      </object_component>
      <object_component id="oc-2a5">
         <name>.debug_info</name>
         <load_address>0x10ff8</load_address>
         <run_address>0x10ff8</run_address>
         <size>0xa6</size>
[...]
      <symbol id="sm-350">
         <name>getId</name>
         <value>0x4dd9</value>
         <object_component_ref idref="oc-13e"/>
      </symbol>
      <symbol id="sm-351">
         <name>promoteby</name>
         <value>0x4e09</value>
         <object_component_ref idref="oc-13e"/>
      </symbol>
      <symbol id="sm-352">
         <name>terminate</name>
         <value>0x4df1</value>
         <object_component_ref idref="oc-13e"/>
      </symbol>
      <symbol id="sm-3c1">
         <name>get_next_hall_sensor</name>
         <value>0x1007</value>
         <object_component_ref idref="oc-bb"/>
      </symbol>
      <symbol id="sm-3c2">
         <name>print_hallsensor</name>
         <value>0xf95</value>
         <object_component_ref idref="oc-bb"/>
      </symbol>
      <symbol id="sm-3c3">
         <name>obtain_decision</name>
         <value>0x101b</value>
         <object_component_ref idref="oc-bb"/>
      </symbol>
      <symbol id="sm-3e1">
         <name>clock_TX</name>
         <value>0x200005cc</value>
      </symbol>
      <symbol id="sm-3e2">
         <name>clock_length</name>
         <value>0x200005d0</value>
      </symbol>
      <symbol id="sm-3e3">
         <name>current_state</name>
         <value>0x200005ed</value>
      </symbol>
      <symbol id="sm-3e4">
         <name>char_input</name>
         <value>0x200005c8</value>
      </symbol>
      <symbol id="sm-3e5">
         <name>generate_command_string</name>
         <value>0x3c3b</value>
         <object_component_ref idref="oc-b0"/>
      </symbol>
      <symbol id="sm-3e6">
         <name>send_clock_to_uart</name>
         <value>0x3d1d</value>
         <object_component_ref idref="oc-b0"/>
      </symbol>
      <symbol id="sm-3e7">
         <name>get_received_char</name>
         <value>0x3bed</value>
         <object_component_ref idref="oc-b0"/>
      </symbol>
      <symbol id="sm-3e8">
         <name>print__id</name>
         <value>0x3c9f</value>
         <object_component_ref idref="oc-b0"/>
      </symbol>
      <symbol id="sm-3e9">
         <name>initialization_Control_Software</name>
         <value>0x3bd9</value>
         <object_component_ref idref="oc-b0"/>
      </symbol>
      <symbol id="sm-3f8">
         <name>_c_int00</name>
         <value>0x51b9</value>
         <object_component_ref idref="oc-10"/>
      </symbol>
      <symbol id="sm-3f9">
         <name>__stack</name>
         <value>0x200005f0</value>
         <object_component_ref idref="oc-23"/>
      </symbol>
      <symbol id="sm-40f">
         <name>__TI_decompress_none</name>
         <value>0x5325</value>
         <object_component_ref idref="oc-14"/>
      </symbol>
      <symbol id="sm-431">
         <name>__TI_decompress_rle24</name>
         <value>0x5341</value>
         <object_component_ref idref="oc-1e"/>
      </symbol>
      <symbol id="sm-449">
         <name>__TI_zero_init</name>
         <value>0x5301</value>
         <object_component_ref idref="oc-19"/>
      </symbol>
      <symbol id="sm-465">
         <name>C$$EXIT</name>
         <value>0x5131</value>
         <object_component_ref idref="oc-50"/>
      </symbol>
      <symbol id="sm-466">
         <name>abort</name>
         <value>0x5135</value>
         <object_component_ref idref="oc-50"/>
      </symbol>
      <symbol id="sm-467">
         <name>exit</name>
         <value>0x513d</value>
         <object_component_ref idref="oc-50"/>
      </symbol>
      <symbol id="sm-468">
         <name>__TI_dtors_ptr</name>
         <value>0x20001078</value>
         <object_component_ref idref="oc-e2"/>
      </symbol>
      <symbol id="sm-469">
         <name>__TI_cleanup_ptr</name>
         <value>0x20001074</value>
         <object_component_ref idref="oc-e2"/>
      </symbol>
      <symbol id="sm-484">
         <name>getc</name>
         <value>0x4b69</value>
         <object_component_ref idref="oc-17c"/>
      </symbol>
      <symbol id="sm-485">
         <name>getchar</name>
         <value>0x4b6d</value>
         <object_component_ref idref="oc-17c"/>
      </symbol>
      <symbol id="sm-486">
         <name>fgetc</name>
         <value>0x4aed</value>
         <object_component_ref idref="oc-17c"/>
      </symbol>
      <symbol id="sm-4d6">
         <name>open</name>
         <value>0x293f</value>
         <object_component_ref idref="oc-1a0"/>
      </symbol>
      <symbol id="sm-4d7">
         <name>add_device</name>
         <value>0x2a63</value>
         <object_component_ref idref="oc-1a0"/>
      </symbol>
      <symbol id="sm-4d8">
         <name>remove_device</name>
         <value>0x28f3</value>
         <object_component_ref idref="oc-1a0"/>
      </symbol>
      <symbol id="sm-4d9">
         <name>lseek</name>
         <value>0x29ed</value>
         <object_component_ref idref="oc-1a0"/>
      </symbol>
      <symbol id="sm-4da">
         <name>read</name>
         <value>0x291b</value>
         <object_component_ref idref="oc-1a0"/>
      </symbol>
      <symbol id="sm-4db">
         <name>rename</name>
         <value>0x28b5</value>
         <object_component_ref idref="oc-1a0"/>
      </symbol>
      <symbol id="sm-4dc">
         <name>write</name>
         <value>0x2801</value>
         <object_component_ref idref="oc-1a0"/>
      </symbol>
      <symbol id="sm-4dd">
         <name>close</name>
         <value>0x2a11</value>
         <object_component_ref idref="oc-1a0"/>
      </symbol>
      <symbol id="sm-4de">
         <name>unlink</name>
         <value>0x2891</value>
         <object_component_ref idref="oc-1a0"/>
      </symbol>
      <symbol id="sm-4f8">
         <name>memcpy</name>
         <value>0x4891</value>
         <object_component_ref idref="oc-58"/>
      </symbol>
      <symbol id="sm-4f9">
         <name>__aeabi_memcpy</name>
         <value>0x4891</value>
         <object_component_ref idref="oc-58"/>
      </symbol>
      <symbol id="sm-4fa">
         <name>__aeabi_memcpy8</name>
         <value>0x4891</value>
         <object_component_ref idref="oc-58"/>
      </symbol>
      <symbol id="sm-4fb">
         <name>__aeabi_memcpy4</name>
         <value>0x4891</value>
         <object_component_ref idref="oc-58"/>
      </symbol>
      <symbol id="sm-513">
         <name>printf</name>
         <value>0x4d71</value>
         <object_component_ref idref="oc-79"/>
      </symbol>
      <symbol id="sm-51a">
         <name>main_func_sp</name>
         <value>0x20001084</value>
         <object_component_ref idref="oc-55"/>
      </symbol>
      <symbol id="sm-529">
         <name>strchr</name>
         <value>0x52c3</value>
         <object_component_ref idref="oc-277"/>
      </symbol>
      <symbol id="sm-537">
         <name>strcmp</name>
         <value>0x5295</value>
         <object_component_ref idref="oc-272"/>
      </symbol>
      <symbol id="sm-546">
         <name>strncpy</name>
         <value>0x51ed</value>
         <object_component_ref idref="oc-27c"/>
      </symbol>
      <symbol id="sm-565">
         <name>HOSTgetenv</name>
         <value>0x2d27</value>
         <object_component_ref idref="oc-2f3"/>
      </symbol>
      <symbol id="sm-566">
         <name>HOSTrename</name>
         <value>0x2bcf</value>
         <object_component_ref idref="oc-2f3"/>
      </symbol>
      <symbol id="sm-567">
         <name>HOSTclose</name>
         <value>0x2d65</value>
         <object_component_ref idref="oc-2f3"/>
      </symbol>
      <symbol id="sm-568">
         <name>HOSTunlink</name>
         <value>0x2b5d</value>
         <object_component_ref idref="oc-2f3"/>
      </symbol>
      <symbol id="sm-569">
         <name>HOSTlseek</name>
         <value>0x2ccb</value>
         <object_component_ref idref="oc-2f3"/>
      </symbol>
      <symbol id="sm-56a">
         <name>HOSTopen</name>
         <value>0x2c79</value>
         <object_component_ref idref="oc-2f3"/>
      </symbol>
      <symbol id="sm-56b">
         <name>HOSTclock</name>
         <value>0x2d9d</value>
         <object_component_ref idref="oc-2f3"/>
      </symbol>
      <symbol id="sm-56c">
         <name>HOSTwrite</name>
         <value>0x2b11</value>
         <object_component_ref idref="oc-2f3"/>
      </symbol>
      <symbol id="sm-56d">
         <name>HOSTread</name>
         <value>0x2c2d</value>
         <object_component_ref idref="oc-2f3"/>
      </symbol>
      <symbol id="sm-56e">
         <name>HOSTtime</name>
         <value>0x2b95</value>
         <object_component_ref idref="oc-2f3"/>
      </symbol>
      <symbol id="sm-587">
         <name>__TI_readmsg</name>
         <value>0x4ed7</value>
         <object_component_ref idref="oc-330"/>
      </symbol>
      <symbol id="sm-588">
         <name>C$$IO$$</name>
         <value>0x4ed3</value>
         <object_component_ref idref="oc-330"/>
      </symbol>
      <symbol id="sm-589">
         <name>__CIOBUF_</name>
         <value>0x200003e0</value>
         <object_component_ref idref="oc-34e"/>
      </symbol>
      <symbol id="sm-58a">
         <name>__TI_writemsg</name>
         <value>0x4ea9</value>
         <object_component_ref idref="oc-330"/>
      </symbol>
      <symbol id="sm-5a2">
         <name>__TI_buff_read</name>
         <value>0x4759</value>
         <object_component_ref idref="oc-258"/>
      </symbol>
      <symbol id="sm-5bf">
         <name>__TI_wrt_ok</name>
         <value>0x46ad</value>
         <object_component_ref idref="oc-196"/>
      </symbol>
      <symbol id="sm-5c0">
         <name>__TI_rd_ok</name>
         <value>0x470f</value>
         <object_component_ref idref="oc-196"/>
      </symbol>
      <symbol id="sm-5d6">
         <name>_nop</name>
         <value>0x52e7</value>
         <object_component_ref idref="oc-18a"/>
      </symbol>
      <symbol id="sm-5d7">
         <name>_lock</name>
         <value>0x2000106c</value>
         <object_component_ref idref="oc-e0"/>
      </symbol>
      <symbol id="sm-5d8">
         <name>_unlock</name>
         <value>0x20001070</value>
         <object_component_ref idref="oc-e0"/>
      </symbol>
      <symbol id="sm-5d9">
         <name>_register_lock</name>
         <value>0x52df</value>
         <object_component_ref idref="oc-18a"/>
      </symbol>
      <symbol id="sm-5da">
         <name>_register_unlock</name>
         <value>0x52d9</value>
         <object_component_ref idref="oc-18a"/>
      </symbol>
      <symbol id="sm-6c3">
         <name>__TI_printfi</name>
         <value>0xc8b</value>
         <object_component_ref idref="oc-110"/>
      </symbol>
      <symbol id="sm-6d6">
         <name>_args_main</name>
         <value>0x5265</value>
         <object_component_ref idref="oc-4b"/>
      </symbol>
      <symbol id="sm-6eb">
         <name>atoi</name>
         <value>0x500d</value>
         <object_component_ref idref="oc-1ea"/>
      </symbol>
      <symbol id="sm-707">
         <name>__TI_auto_init</name>
         <value>0x4a59</value>
         <object_component_ref idref="oc-47"/>
      </symbol>
      <symbol id="sm-71f">
         <name>copy_in</name>
         <value>0x50ed</value>
         <object_component_ref idref="oc-d3"/>
      </symbol>
      <symbol id="sm-729">
         <name>_ctypes_</name>
         <value>0x5348</value>
         <object_component_ref idref="oc-2a6"/>
      </symbol>
      <symbol id="sm-73f">
         <name>__aeabi_stdout</name>
         <value>0x2000104c</value>
         <object_component_ref idref="oc-26e"/>
      </symbol>
      <symbol id="sm-740">
         <name>__TI_tmpnams</name>
         <value>0x20000500</value>
         <object_component_ref idref="oc-348"/>
      </symbol>
      <symbol id="sm-741">
         <name>__aeabi_stderr</name>
         <value>0x20001050</value>
         <object_component_ref idref="oc-26e"/>
      </symbol>
      <symbol id="sm-742">
         <name>__aeabi_stdin</name>
         <value>0x20001048</value>
         <object_component_ref idref="oc-26e"/>
      </symbol>
      <symbol id="sm-743">
         <name>_ftable</name>
         <value>0x20000df0</value>
         <object_component_ref idref="oc-115"/>
      </symbol>
      <symbol id="sm-744">
         <name>__TI_ft_end</name>
         <value>0x20001044</value>
         <object_component_ref idref="oc-26e"/>
      </symbol>
      <symbol id="sm-75a">
         <name>__aeabi_dsub</name>
         <value>0x3a21</value>
         <object_component_ref idref="oc-1d8"/>
      </symbol>
      <symbol id="sm-75b">
         <name>__aeabi_dadd</name>
         <value>0x3a2b</value>
         <object_component_ref idref="oc-1d8"/>
      </symbol>
      <symbol id="sm-77b">
         <name>__aeabi_cdcmpeq</name>
         <value>0x4b81</value>
         <object_component_ref idref="oc-1bb"/>
      </symbol>
      <symbol id="sm-77c">
         <name>__aeabi_cdcmple</name>
         <value>0x4b81</value>
         <object_component_ref idref="oc-1bb"/>
      </symbol>
      <symbol id="sm-77d">
         <name>__aeabi_cdrcmple</name>
         <value>0x4bff</value>
         <object_component_ref idref="oc-1c7"/>
      </symbol>
      <symbol id="sm-790">
         <name>__aeabi_ddiv</name>
         <value>0x3ec5</value>
         <object_component_ref idref="oc-1c3"/>
      </symbol>
      <symbol id="sm-79a">
         <name>__aeabi_dmul</name>
         <value>0x4351</value>
         <object_component_ref idref="oc-1bf"/>
      </symbol>
      <symbol id="sm-7a3">
         <name>__aeabi_d2iz</name>
         <value>0x50a5</value>
         <object_component_ref idref="oc-1cb"/>
      </symbol>
      <symbol id="sm-7bc">
         <name>__TI_doflush</name>
         <value>0x45ed</value>
         <object_component_ref idref="oc-19b"/>
      </symbol>
      <symbol id="sm-7bd">
         <name>fflush</name>
         <value>0x4639</value>
         <object_component_ref idref="oc-19b"/>
      </symbol>
      <symbol id="sm-7d4">
         <name>putc</name>
         <value>0x4879</value>
         <object_component_ref idref="oc-106"/>
      </symbol>
      <symbol id="sm-7d5">
         <name>fputc</name>
         <value>0x47f5</value>
         <object_component_ref idref="oc-106"/>
      </symbol>
      <symbol id="sm-7d6">
         <name>putchar</name>
         <value>0x487d</value>
         <object_component_ref idref="oc-106"/>
      </symbol>
      <symbol id="sm-7f7">
         <name>puts</name>
         <value>0x4107</value>
         <object_component_ref idref="oc-10b"/>
      </symbol>
      <symbol id="sm-7f8">
         <name>fputs</name>
         <value>0x3ffd</value>
         <object_component_ref idref="oc-10b"/>
      </symbol>
      <symbol id="sm-809">
         <name>fseek</name>
         <value>0x4e45</value>
         <object_component_ref idref="oc-262"/>
      </symbol>
      <symbol id="sm-812">
         <name>__aeabi_i2d</name>
         <value>0x521d</value>
         <object_component_ref idref="oc-1d4"/>
      </symbol>
      <symbol id="sm-81a">
         <name>__aeabi_lmul</name>
         <value>0x527d</value>
         <object_component_ref idref="oc-1b7"/>
      </symbol>
      <symbol id="sm-828">
         <name>ltoa</name>
         <value>0x4f67</value>
         <object_component_ref idref="oc-1cf"/>
      </symbol>
      <symbol id="sm-837">
         <name>memccpy</name>
         <value>0x524b</value>
         <object_component_ref idref="oc-1e5"/>
      </symbol>
      <symbol id="sm-846">
         <name>memchr</name>
         <value>0x52ad</value>
         <object_component_ref idref="oc-1ac"/>
      </symbol>
      <symbol id="sm-854">
         <name>__aeabi_memset</name>
         <value>0x4c7f</value>
         <object_component_ref idref="oc-1dc"/>
      </symbol>
      <symbol id="sm-855">
         <name>memset</name>
         <value>0x4c85</value>
         <object_component_ref idref="oc-1dc"/>
      </symbol>
      <symbol id="sm-856">
         <name>__aeabi_memset8</name>
         <value>0x4c7f</value>
         <object_component_ref idref="oc-1dc"/>
      </symbol>
      <symbol id="sm-857">
         <name>__aeabi_memset4</name>
         <value>0x4c7f</value>
         <object_component_ref idref="oc-1dc"/>
      </symbol>
      <symbol id="sm-858">
         <name>__aeabi_memclr8</name>
         <value>0x4c7d</value>
         <object_component_ref idref="oc-1dc"/>
      </symbol>
      <symbol id="sm-859">
         <name>__aeabi_memclr4</name>
         <value>0x4c7d</value>
         <object_component_ref idref="oc-1dc"/>
      </symbol>
      <symbol id="sm-85a">
         <name>__aeabi_memclr</name>
         <value>0x4c7d</value>
         <object_component_ref idref="oc-1dc"/>
      </symbol>
      <symbol id="sm-875">
         <name>setvbuf</name>
         <value>0x444d</value>
         <object_component_ref idref="oc-267"/>
      </symbol>
      <symbol id="sm-882">
         <name>strcpy</name>
         <value>0x5313</value>
         <object_component_ref idref="oc-335"/>
      </symbol>
      <symbol id="sm-88f">
         <name>strlen</name>
         <value>0x52ed</value>
         <object_component_ref idref="oc-1a7"/>
      </symbol>
      <symbol id="sm-8aa">
         <name>__aeabi_uldivmod</name>
         <value>0x30b5</value>
         <object_component_ref idref="oc-1b3"/>
      </symbol>
      <symbol id="sm-8b3">
         <name>_Dclass</name>
         <value>0x5333</value>
         <object_component_ref idref="oc-1e0"/>
      </symbol>
      <symbol id="sm-8c4">
         <name>_Dtest</name>
         <value>0x5175</value>
         <object_component_ref idref="oc-29e"/>
      </symbol>
      <symbol id="sm-8fb">
         <name>__TI_cleanup</name>
         <value>0x3929</value>
         <object_component_ref idref="oc-2db"/>
      </symbol>
      <symbol id="sm-8fc">
         <name>freopen</name>
         <value>0x3955</value>
         <object_component_ref idref="oc-2db"/>
      </symbol>
      <symbol id="sm-8fd">
         <name>fopen</name>
         <value>0x397f</value>
         <object_component_ref idref="oc-2db"/>
      </symbol>
      <symbol id="sm-969">
         <name>_sys_memory</name>
         <value>0x200009f0</value>
         <object_component_ref idref="oc-24"/>
      </symbol>
      <symbol id="sm-96a">
         <name>free</name>
         <value>0x1e63</value>
         <object_component_ref idref="oc-2d6"/>
      </symbol>
      <symbol id="sm-96b">
         <name>realloc</name>
         <value>0x1f23</value>
         <object_component_ref idref="oc-2d6"/>
      </symbol>
      <symbol id="sm-96c">
         <name>memalign</name>
         <value>0x2029</value>
         <object_component_ref idref="oc-2d6"/>
      </symbol>
      <symbol id="sm-96d">
         <name>calloc</name>
         <value>0x2109</value>
         <object_component_ref idref="oc-2d6"/>
      </symbol>
      <symbol id="sm-96e">
         <name>malloc</name>
         <value>0x1e01</value>
         <object_component_ref idref="oc-2d6"/>
      </symbol>
      <symbol id="sm-96f">
         <name>minit</name>
         <value>0x1d75</value>
         <object_component_ref idref="oc-2d6"/>
      </symbol>
      <symbol id="sm-984">
         <name>__TI_closefile</name>
         <value>0x492d</value>
         <object_component_ref idref="oc-320"/>
      </symbol>
      <symbol id="sm-985">
         <name>fclose</name>
         <value>0x4993</value>
         <object_component_ref idref="oc-320"/>
      </symbol>
      <symbol id="sm-987">
         <name>__TI_static_base__</name>
         <value>0x0</value>
      </symbol>
      <symbol id="sm-988">
         <name>__TI_args_main</name>
         <value>0x1</value>
      </symbol>
      <symbol id="sm-989">
         <name>SHT$$INIT_ARRAY$$Limit</name>
         <value>0x0</value>
      </symbol>
      <symbol id="sm-98a">
         <name>SHT$$INIT_ARRAY$$Base</name>
         <value>0x0</value>
      </symbol>
      <symbol id="sm-98e">
         <name>remove</name>
         <value>0x2891</value>
      </symbol>
   </symbol_table>
   <title>Link successful</title>
</link_info>
